Places with street but no city: 382 / 5629
Estimated time: ~8 minutes

[1/382] "70-70 רחוב בצת" → ✓ 70-70 רחוב בצת, מועצה אזורית מטה אשר
[2/382] "19-19 מושב אליקים" → ✓ 19-19 מושב אליקים, מועצה אזורית מגידו
[3/382] "העצמאות 93 סמטת מקדש המלך" → ✓ העצמאות 93 סמטת מקדש המלך, הרצליה
[4/382] "מרדכי מאיר  2" → ✓ מרדכי מאיר  2, תל־אביב–יפו
[5/382] "בני אור 19 באר שבע" → ✓ בני אור 19 באר שבע, באר שבע
[6/382] "בני אור 43 באר שבע" → ✓ בני אור 43 באר שבע, באר שבע
[7/382] "נחל שניר 1 א" → ✓ נחל שניר 1 א, אשדוד
[8/382] "הר סיני 13" → ✓ הר סיני 13, הרצליה
[9/382] "34-34 יישוב גדעונה" → ✓ 34-34 יישוב גדעונה, מועצה אזורית גלבוע
[10/382] "אבוחצירא 14" → ✓ אבוחצירא 14, אופקים
[11/382] "13-29 רחוב לנדאו רמת פנקס" → ✓ 13-29 רחוב לנדאו רמת פנקס, אור יהודה
[12/382] "השומרון 1" → ✓ השומרון 1, קריית אונו
[13/382] "שדה עוזיה 1" → ✓ שדה עוזיה 1, מועצה אזורית באר טוביה
[14/382] "דוד צבי פנקס 3" → ✓ דוד צבי פנקס 3, באר שבע
[15/382] "המדע 40" → ✓ המדע 40, באר-שבע
[16/382] "גולדה מאיר 1" → ✓ גולדה מאיר 1, בית שאן
[17/382] "רב עולא 1" → ✓ רב עולא 1, בית שמש
[18/382] "תלמוד בבלי 3" → ✓ תלמוד בבלי 3, בית שמש
[19/382] "אמרי סופר 3" → ✓ אמרי סופר 3, מועצה אזורית מטה יהודה
[20/382] "הנרקיס 11" → — no city found
[21/382] "נחל פארן 43" → — no city found
[22/382] "1-9 מושב מיטב" → ✓ 1-9 מושב מיטב, מועצה אזורית גלבוע
[23/382] "משמר הגבול 1" → — no city found
[24/382] "משמר הגבול 1" → — no city found
[25/382] "לבוצ'קין 9" → ✓ לבוצ'קין 9, חדרה
[26/382] "עלית הנוער 16" → ✓ עלית הנוער 16, חדרה
[27/382] "השדה 1" → ✓ השדה 1, מועצה אזורית חוף הכרמל
[28/382] "אמיר 9" → ✓ אמיר 9, מועצה אזורית חוף הכרמל
[29/382] "האילן 7 7" → ✓ האילן 7 7, מגדל העמק
[30/382] "הנרקיס 10" → ✓ הנרקיס 10, מגדל העמק
[31/382] "נחל צבי 42" → ✓ נחל צבי 42, מגדל העמק
[32/382] "22-22 מושב אליקים" → ✓ 22-22 מושב אליקים, מועצה אזורית מגידו
[33/382] "321-326 מושב מדרך עוז" → ✓ 321-326 מושב מדרך עוז, מועצה אזורית מגידו
[34/382] "22-22 מושב אליקים" → ✓ 22-22 מושב אליקים, מועצה אזורית מגידו
[35/382] "סיוון 8" → ✓ סיוון 8, מודיעין-מכבים-רעות
[36/382] "אליהו הנביא 14" → ✓ אליהו הנביא 14, מודיעין-מכבים-רעות
[37/382] "עמק דותן 39" → ✓ עמק דותן 39, מודיעין-מכבים-רעות
[38/382] "רח' הגפן 3 3" → ✓ רח' הגפן 3 3, מועצה אזורית מטה אשר
[39/382] "מבצע הראל 1" → ✓ מבצע הראל 1, מועצה אזורית זבולון
[40/382] "הדקל 3" → ✓ הדקל 3, רמת גן
[41/382] "108-111 מושב אביעזר" → ✓ 108-111 מושב אביעזר, מועצה אזורית מטה יהודה
[42/382] "17-20 רחוב בקוע" → ✓ 17-20 רחוב בקוע, מועצה אזורית מטה יהודה
[43/382] "נחל נחשון 33" → ✓ נחל נחשון 33, מועצה אזורית מטה יהודה
[44/382] "79-79 רחוב זנוח" → ✓ 79-79 רחוב זנוח, מועצה אזורית מטה יהודה
[45/382] "3-5 מושב מחסיה" → ✓ 3-5 מושב מחסיה, מועצה אזורית מטה יהודה
[46/382] "רחוב מלבר 37" → ✓ רחוב מלבר 37, מועצה אזורית מטה יהודה
[47/382] "ראשונים 6" → ✓ ראשונים 6, מטולה
[48/382] "דרורית 1" → ✓ דרורית 1, מיתר
[49/382] "אשכולות 31" → ✓ אשכולות 31, מעלות תרשיחא
[50/382] "2-9 רחוב אשבול" → ✓ 2-9 רחוב אשבול, מועצה אזורית מרחבים
[51/382] "52-55 רחוב אשבול" → ✓ 52-55 רחוב אשבול, מועצה אזורית מרחבים
[52/382] "מושב מקווה תפרח 1" → ✓ מושב מקווה תפרח 1, מועצה אזורית מרחבים
[53/382] "האדמו"ר מבעלזא 1" → ✓ האדמו"ר מבעלזא 1, נוף הגליל
[54/382] "יזרעאל 23" → ✓ יזרעאל 23, נוף הגליל
[55/382] "האדמו"ר מבעלזא 1" → ✓ האדמו"ר מבעלזא 1, נוף הגליל
[56/382] "ישראל שמיד 3" → ✓ ישראל שמיד 3, נס ציונה
[57/382] "איילת השחר 1" → ✓ איילת השחר 1, נתיבות
[58/382] "41-46 מושב ירדנה" → ✓ 41-46 מושב ירדנה, מועצה אזורית עמק המעיינות
[59/382] "המייסדים 80" → ✓ המייסדים 80, מועצה אזורית עמק המעיינות
[60/382] "40-40 רחוב עולש" → — no city found
[61/382] "יהודה 19" → ✓ יהודה 19, ערד
[62/382] "רח' נוף הגולן 22" → ✓ רח' נוף הגולן 22, צפת
[63/382] "מבצע דני 24" → ✓ מבצע דני 24, ראש העין
[64/382] "יובל נאמן 106" → ✓ יובל נאמן 106, רחובות
[65/382] "הגולן 11" → ✓ הגולן 11, מועצה אזורית גולן
[66/382] "הארז 1" → ✓ הארז 1, מועצה אזורית שדות דן
[67/382] "שדרות העומר 1" → — no city found
[68/382] "התמר 1" → ✓ התמר 1, מועצה אזורית שדות דן
[69/382] "גורליק 12" → ✓ גורליק 12, מועצה אזורית שדות דן
[70/382] "היסמין 1" → ✓ היסמין 1, מועצה אזורית שדות דן
[71/382] "13-14 מושב גבעולים" → ✓ 13-14 מושב גבעולים, מועצה אזורית שדות נגב
[72/382] "203-237 מושב בית הגדי" → ✓ 203-237 מושב בית הגדי, מועצה אזורית שדות נגב
[73/382] "102-106 מושב שרשרת" → ✓ 102-106 מושב שרשרת, מועצה אזורית שדות נגב
[74/382] "יעקב דורי 2" → ✓ יעקב דורי 2, שדרות
[75/382] "הפעמונית 5" → ✓ הפעמונית 5, שדרות
[76/382] "יעקב דורי 1" → ✓ יעקב דורי 1, שדרות
[77/382] "חרמון 6" → ✓ חרמון 6, שהם
[78/382] "אבן שמואל 20" → ✓ אבן שמואל 20, מועצה אזורית שפיר
[79/382] "ראול ולנברג 37" → ✓ ראול ולנברג 37, תל־אביב–יפו
[80/382] "פרדס רוזנבלום 1 גבעת שמואל" → ✓ פרדס רוזנבלום 1 גבעת שמואל, גבעת שמואל
[81/382] "נעמי שמר 2 גבעת שמואל" → ✓ נעמי שמר 2 גבעת שמואל, גבעת שמואל
[82/382] "בר-אילן 21 גבעת שמואל" → ✓ בר-אילן 21 גבעת שמואל, גבעת שמואל
[83/382] "כניסה צפונית לפארק פינלס ירושלים6-8 גבעת שמואל" → ✓ כניסה צפונית לפארק פינלס ירושלים6-8 גבעת שמואל, גבעת שמואל
[84/382] "101-109 מושב מסלול" → ✓ 101-109 מושב מסלול, מועצה אזורית מרחבים
[85/382] "נעמי 2 באר שבע" → ✓ נעמי 2 באר שבע, באר-שבע
[86/382] "דרך מצדה 196 באר שבע" → ✓ דרך מצדה 196 באר שבע, באר שבע
[87/382] "התלמוד 6 באר שבע" → ✓ התלמוד 6 באר שבע, באר-שבע
[88/382] "85-87 מושב כלנית" → ✓ 85-87 מושב כלנית, מועצה אזורית מרום הגליל
[89/382] "1019 יוני נתניהו" → ✓ 1019 יוני נתניהו, חברון
[90/382] "85-87 מושב כלנית" → ✓ 85-87 מושב כלנית, מועצה אזורית מרום הגליל
[91/382] "230-235 מושב ניר עקיבא" → ✓ 230-235 מושב ניר עקיבא, מועצה אזורית מרחבים
[92/382] "47 יוני נתניהו" → ✓ 47 יוני נתניהו, חברון
[93/382] "שלונסקי  6" → ✓ שלונסקי  6, תל־אביב–יפו
[94/382] "משה דיין  66" → ✓ משה דיין  66, תל־אביב–יפו
[95/382] "שד' הותיקים  7" → ✓ שד' הותיקים  7, תל־אביב–יפו
[96/382] "אליהו חכים 5" → ✓ אליהו חכים 5, תל־אביב–יפו
[97/382] "דרך לוד  46" → ✓ דרך לוד  46, תל־אביב–יפו
[98/382] "סמטת הר ציון  22" → ✓ סמטת הר ציון  22, תל־אביב–יפו
[99/382] "אבן גבירול  69" → ✓ אבן גבירול  69, תל־אביב–יפו
[100/382] "מח"ל  14" → ✓ מח"ל  14, תל־אביב–יפו
  💾 Checkpoint 100
[101/382] "קיבוץ גלויות  118" → ✓ קיבוץ גלויות  118, תל־אביב–יפו
[102/382] "יוסף צובירי  2" → ✓ יוסף צובירי  2, תל־אביב–יפו
[103/382] "ארלוזרוב  93" → ✓ ארלוזרוב  93, תל־אביב–יפו
[104/382] "גולומב 47" → ✓ גולומב 47, חיפה
[105/382] "אליעזר אלתר 34" → ✓ אליעזר אלתר 34, חיפה
[106/382] "טבנקין 18" → ✓ טבנקין 18, חיפה
[107/382] "מורדי הגטאות 0" → ✓ מורדי הגטאות 0, אשדוד
[108/382] "אגת שבו 1" → ✓ אגת שבו 1, אשדוד
[109/382] "אב 10" → ✓ אב 10, אשדוד
[110/382] "אחיעזר 4" → ✓ אחיעזר 4, אשדוד
[111/382] "חטיבת הנגב 9" → ✓ חטיבת הנגב 9, אשדוד
[112/382] "בעל הנס 42" → ✓ בעל הנס 42, אשדוד
[113/382] "התלמוד 4" → ✓ התלמוד 4, אשדוד
[114/382] "האדמו"ר מגור 5" → ✓ האדמו"ר מגור 5, אשדוד
[115/382] "אור לציון 7" → ✓ אור לציון 7, אשדוד
[116/382] "אור לציון 7" → ✓ אור לציון 7, אשדוד
[117/382] "מאיר בעל הנס 40" → ✓ מאיר בעל הנס 40, אשדוד
[118/382] "מאיר בעל הנס 48" → ✓ מאיר בעל הנס 48, אשדוד
[119/382] "אחיעזר 6" → ✓ אחיעזר 6, אשדוד
[120/382] "תשרי 9" → ✓ תשרי 9, אשדוד
[121/382] "תשרי 9" → ✓ תשרי 9, אשדוד
[122/382] "תשרי 9" → ✓ תשרי 9, אשדוד
[123/382] "מאיר בעל הנס 48" → ✓ מאיר בעל הנס 48, אשדוד
[124/382] "מאיר בעל הנס 40" → ✓ מאיר בעל הנס 40, אשדוד
[125/382] "האדמו"ר מויזניץ  7" → ✓ האדמו"ר מויזניץ  7, אשדוד
[126/382] "מאיר בעל הנס 48" → ✓ מאיר בעל הנס 48, אשדוד
[127/382] "מאיר בעל הנס 40" → ✓ מאיר בעל הנס 40, אשדוד
[128/382] "מאיר בעל הנס 42" → ✓ מאיר בעל הנס 42, אשדוד
[129/382] "שקד 31" → ✓ שקד 31, נהריה
[130/382] "יפה נוף 44" → ✓ יפה נוף 44, נהריה
[131/382] "קיבוץ גךויות 61" → ✓ קיבוץ גךויות 61, נהריה
[132/382] "עזרא 8" → ✓ עזרא 8, נהריה
[133/382] "אפריים שריר 1" → ✓ אפריים שריר 1, נהריה
[134/382] "יהודה המכבי 11" → ✓ יהודה המכבי 11, נהריה
[135/382] "קיבוץ גלויות 53" → ✓ קיבוץ גלויות 53, נהריה
[136/382] "מבצע אנטבה 13" → ✓ מבצע אנטבה 13, נהריה
[137/382] "יהודה המכבי 19" → ✓ יהודה המכבי 19, נהריה
[138/382] "שטיינהרט 3" → ✓ שטיינהרט 3, נהריה
[139/382] "שביל הגנים \ גולומב 6" → ✓ שביל הגנים \ גולומב 6, נהריה
[140/382] "אחד העם 6" → ✓ אחד העם 6, נהריה
[141/382] "שביל זיסו 2" → ✓ שביל זיסו 2, נהריה
[142/382] "גרינבאום 15/12" → ✓ גרינבאום 15/12, נהריה
[143/382] "שד' בית קיי 11" → ✓ שד' בית קיי 11, נהריה
[144/382] "עזרא 8" → ✓ עזרא 8, נהריה
[145/382] "המייסדים 30" → ✓ המייסדים 30, נהריה
[146/382] "יוסף לוי 3" → ✓ יוסף לוי 3, נהריה
[147/382] "רמז 29" → ✓ רמז 29, נהריה
[148/382] "דוד בן גאון 31" → ✓ דוד בן גאון 31, נהריה
[149/382] "ויצמן 89" → ✓ ויצמן 89, נהריה
[150/382] "ארלוזוב 43" → ✓ ארלוזוב 43, נהריה
[151/382] "סוקולוב 34" → ✓ סוקולוב 34, נהריה
[152/382] "עמק יזראל 8" → ✓ עמק יזראל 8, נהריה
[153/382] "יחיעם 11" → ✓ יחיעם 11, נהריה
[154/382] "יפה נוף 28" → ✓ יפה נוף 28, נהריה
[155/382] "האיריס 63" → ✓ האיריס 63, נהריה
[156/382] "זבוטינסקי 9" → ✓ זבוטינסקי 9, נהריה
[157/382] "אביר יעקב 35" → ✓ אביר יעקב 35, נהריה
[158/382] "יפה נוף 44" → ✓ יפה נוף 44, נהריה
[159/382] "החלוץ 66" → ✓ החלוץ 66, נהריה
[160/382] "יוסף לוי 2" → ✓ יוסף לוי 2, נהריה
[161/382] "ההגנה 22" → ✓ ההגנה 22, נהריה
[162/382] "רמז 23" → ✓ רמז 23, נהריה
[163/382] "הזמיר 92" → ✓ הזמיר 92, נהריה
[164/382] "סטרומה 2" → ✓ סטרומה 2, נהריה
[165/382] "סילבר 24" → ✓ סילבר 24, נהריה
[166/382] "זבוטינסקי 4/3" → ✓ זבוטינסקי 4/3, נהריה
[167/382] "ווינסבורג 3" → ✓ ווינסבורג 3, נהריה
[168/382] "נחלת אשר 25" → ✓ נחלת אשר 25, נהריה
[169/382] "שפרינצק 1" → ✓ שפרינצק 1, נהריה
[170/382] "יפה נוף 44" → ✓ יפה נוף 44, נהריה
[171/382] "רמז 2" → ✓ רמז 2, נהריה
[172/382] "שזר 23" → ✓ שזר 23, נהריה
[173/382] "סטרומה 14" → ✓ סטרומה 14, נהריה
[174/382] "פרופ שאשא 2" → ✓ פרופ שאשא 2, נהריה
[175/382] "הלוטוס 101" → ✓ הלוטוס 101, נהריה
[176/382] "יבנה 2" → ✓ יבנה 2, נהריה
[177/382] "המצובה 8" → ✓ המצובה 8, נהריה
[178/382] "קיבוץ גלויות 50" → ✓ קיבוץ גלויות 50, נהריה
[179/382] "שביל הגאולה 2" → ✓ שביל הגאולה 2, נהריה
[180/382] "דוד בהמלך 11" → ✓ דוד בהמלך 11, נהריה
[181/382] "שלמה המלך 1" → ✓ שלמה המלך 1, נהריה
[182/382] "שביל הדליה 4" → ✓ שביל הדליה 4, נהריה
[183/382] "השקד 31" → ✓ השקד 31, נהריה
[184/382] "רמז 21" → ✓ רמז 21, נהריה
[185/382] "הצנחנים 2" → ✓ הצנחנים 2, נהריה
[186/382] "ויינסבורג 3" → ✓ ויינסבורג 3, נהריה
[187/382] "יפה נוף 22" → ✓ יפה נוף 22, נהריה
[188/382] "שביל הגנים \ גולומב 6" → ✓ שביל הגנים \ גולומב 6, נהריה
[189/382] "רמב"ם 2" → ✓ רמב"ם 2, נהריה
[190/382] "החשמונים 20" → ✓ החשמונים 20, נהריה
[191/382] "אחד העם 6" → ✓ אחד העם 6, נהריה
[192/382] "נביאים 22" → ✓ נביאים 22, מודיעין-מכבים-רעות
[193/382] "נחל צלמון 21" → ✓ נחל צלמון 21, מודיעין-מכבים-רעות
[194/382] "יעל הגיבורה 64" → ✓ יעל הגיבורה 64, מודיעין-מכבים-רעות
[195/382] "דן 20" → ✓ דן 20, מודיעין-מכבים-רעות
[196/382] "בדולח 10" → ✓ בדולח 10, מודיעין-מכבים-רעות
[197/382] "אסתר המלכה 27/3" → ✓ אסתר המלכה 27/3, מודיעין-מכבים-רעות
[198/382] "נחל פארן 12" → ✓ נחל פארן 12, מודיעין-מכבים-רעות
[199/382] "נחל שורק 52" → ✓ נחל שורק 52, מודיעין-מכבים-רעות
[200/382] "הנביאים 4" → ✓ הנביאים 4, מודיעין-מכבים-רעות
  💾 Checkpoint 200
[201/382] "רח' הלוח העברי 42" → ✓ רח' הלוח העברי 42, מודיעין-מכבים-רעות
[202/382] "רח' חשוון 10" → ✓ רח' חשוון 10, מודיעין-מכבים-רעות
[203/382] "רח' סיון 9" → ✓ רח' סיון 9, מודיעין-מכבים-רעות
[204/382] "רח' שש משזר 6" → ✓ רח' שש משזר 6, מודיעין-מכבים-רעות
[205/382] "נחל תנינים 8" → ✓ נחל תנינים 8, מודיעין-מכבים-רעות
[206/382] "שושן 4" → ✓ שושן 4, ירושלים
[207/382] "נחל לוז 16" → ✓ נחל לוז 16, בית שמש
[208/382] "רב פפא 3" → ✓ רב פפא 3, בית שמש
[209/382] "רב ניסים גאון 45" → ✓ רב ניסים גאון 45, אלעד
[210/382] "טאגור  32" → ✓ טאגור  32, תל־אביב–יפו
[211/382] "חביבה רייק 20" → ✓ חביבה רייק 20, חולון
[212/382] "התחיה 14" → ✓ התחיה 14, חולון
[213/382] "שטרוק 8" → ✓ שטרוק 8, חולון
[214/382] "הגבעול 3" → ✓ הגבעול 3, חולון
[215/382] "החצב 3 (מקלט)" → ✓ החצב 3 (מקלט), חולון
[216/382] "צאלים 34" → ✓ צאלים 34, חולון
[217/382] "ברדיצ'בסקי 9" → ✓ ברדיצ'בסקי 9, חולון
[218/382] "הנביאים 37" → ✓ הנביאים 37, חולון
[219/382] "שכטר 7" → ✓ שכטר 7, חולון
[220/382] "השיטה 37" → ✓ השיטה 37, חולון
[221/382] "שער ציון 25" → ✓ שער ציון 25, חולון
[222/382] "רמב"ם 23" → ✓ רמב"ם 23, חולון
[223/382] "התותחנים 8" → ✓ התותחנים 8, חולון
[224/382] "החשמונאים 51" → ✓ החשמונאים 51, חולון
[225/382] "לנדאו 12" → ✓ לנדאו 12, חולון
[226/382] "הסנהדרין 21" → ✓ הסנהדרין 21, חולון
[227/382] "עין גדי 18" → ✓ עין גדי 18, חולון
[228/382] "המעורר 4" → ✓ המעורר 4, חולון
[229/382] "זרובבל 7" → ✓ זרובבל 7, חולון
[230/382] "הגר"א 34" → ✓ הגר"א 34, חולון
[231/382] "ברדיצ'בסקי 10" → ✓ ברדיצ'בסקי 10, חולון
[232/382] "ויצמן 14" → ✓ ויצמן 14, חולון
[233/382] "החי"ם 19" → ✓ החי"ם 19, חולון
[234/382] "החי"ם 4" → ✓ החי"ם 4, חולון
[235/382] "סעדיה גאון 21" → ✓ סעדיה גאון 21, חולון
[236/382] "ברנר 10" → ✓ ברנר 10, חולון
[237/382] "המעפילים 45" → ✓ המעפילים 45, חולון
[238/382] "שטרוק 8" → ✓ שטרוק 8, חולון
[239/382] "חומה ומגדל 18" → ✓ חומה ומגדל 18, חולון
[240/382] "הפלמ"ח 4" → ✓ הפלמ"ח 4, חולון
[241/382] "הנביאים 68" → ✓ הנביאים 68, חולון
[242/382] "בעל שם טוב 13" → ✓ בעל שם טוב 13, חולון
[243/382] "הדקל 5" → ✓ הדקל 5, חולון
[244/382] "הרב קוק 9" → ✓ הרב קוק 9, חולון
[245/382] "אברבנאל 3" → ✓ אברבנאל 3, חולון
[246/382] "השחף 2" → ✓ השחף 2, חולון
[247/382] "הניצנים 5" → ✓ הניצנים 5, חולון
[248/382] "נרקיס עוזי 4" → ✓ נרקיס עוזי 4, חולון
[249/382] "ראש פינה 9" → ✓ ראש פינה 9, חולון
[250/382] "ברנדיס 6" → ✓ ברנדיס 6, חולון
[251/382] "השומר 19" → ✓ השומר 19, חולון
[252/382] "תרצ"ו 31" → ✓ תרצ"ו 31, חולון
[253/382] "אלופי צה"ל 37" → ✓ אלופי צה"ל 37, חולון
[254/382] "מקלף 17" → ✓ מקלף 17, חולון
[255/382] "אלופי צהל 39" → ✓ אלופי צהל 39, חולון
[256/382] "נחמיה 15" → ✓ נחמיה 15, חולון
[257/382] "נחמיה 1" → ✓ נחמיה 1, חולון
[258/382] "השילוח 23" → ✓ השילוח 23, חולון
[259/382] "אלופי צה"ל 10" → ✓ אלופי צה"ל 10, חולון
[260/382] "ניסנבאום 8" → ✓ ניסנבאום 8, חולון
[261/382] "מוהליבר 15" → ✓ מוהליבר 15, חולון
[262/382] "ברנר 11" → ✓ ברנר 11, חולון
[263/382] "צאלים 34" → ✓ צאלים 34, חולון
[264/382] "העליה השניה 37" → ✓ העליה השניה 37, חולון
[265/382] "יעבץ 9" → ✓ יעבץ 9, חולון
[266/382] "נחמיה 3" → ✓ נחמיה 3, חולון
[267/382] "התחיה 14" → ✓ התחיה 14, חולון
[268/382] "הקונגרס 32" → ✓ הקונגרס 32, חולון
[269/382] "מפרץ שלמה 100" → ✓ מפרץ שלמה 100, חולון
[270/382] "החשמונאים 51" → ✓ החשמונאים 51, חולון
[271/382] "יצחק הלוי 80" → ✓ יצחק הלוי 80, חולון
[272/382] "סביון 7" → ✓ סביון 7, חולון
[273/382] "רחבעם זאבי 24" → ✓ רחבעם זאבי 24, חולון
[274/382] "הסנהדרין 21" → ✓ הסנהדרין 21, חולון
[275/382] "לבון פנחס 1" → ✓ לבון פנחס 1, חולון
[276/382] "העליה השניה 37" → ✓ העליה השניה 37, חולון
[277/382] "הצפירה 5" → ✓ הצפירה 5, חולון
[278/382] "אבן עזרא 3" → ✓ אבן עזרא 3, חולון
[279/382] "החמניה 4" → ✓ החמניה 4, חולון
[280/382] "מסילת העולים 4" → ✓ מסילת העולים 4, חולון
[281/382] "הסנהדרין 23" → ✓ הסנהדרין 23, חולון
[282/382] "ויצמן 14" → ✓ ויצמן 14, חולון
[283/382] "החי"ם 19" → ✓ החי"ם 19, חולון
[284/382] "החי"ם 4" → ✓ החי"ם 4, חולון
[285/382] "ברנר 10" → ✓ ברנר 10, חולון
[286/382] "רוטשילד 12" → ✓ רוטשילד 12, חולון
[287/382] "ביל"ו 20" → ✓ ביל"ו 20, חולון
[288/382] "סוקולוב 71" → ✓ סוקולוב 71, חולון
[289/382] "ביאליק 29" → ✓ ביאליק 29, חולון
[290/382] "ש"ץ צבי 12" → ✓ ש"ץ צבי 12, חולון
[291/382] "החי"ם 2" → ✓ החי"ם 2, חולון
[292/382] "לבון פנחס 1" → ✓ לבון פנחס 1, חולון
[293/382] "נחלת שלום 2" → ✓ נחלת שלום 2, חולון
[294/382] "נג'ארה ישראל 3" → ✓ נג'ארה ישראל 3, חולון
[295/382] "המצודה 1" → ✓ המצודה 1, חולון
[296/382] "השחף 2" → ✓ השחף 2, חולון
[297/382] "התומר 5" → ✓ התומר 5, חולון
[298/382] "הופיין 17" → ✓ הופיין 17, חולון
[299/382] "אילת 2" → ✓ אילת 2, חולון
[300/382] "הצפורן 6" → ✓ הצפורן 6, חולון
  💾 Checkpoint 300
[301/382] "עמוס 31" → ✓ עמוס 31, חולון
[302/382] "ראש פינה 9" → ✓ ראש פינה 9, חולון
[303/382] "רבי עקיבא 5" → ✓ רבי עקיבא 5, חולון
[304/382] "ברנדיס 6" → ✓ ברנדיס 6, חולון
[305/382] "עין גדי 1" → ✓ עין גדי 1, חולון
[306/382] "אלחריזי 13" → ✓ אלחריזי 13, חולון
[307/382] "החרצית 5" → ✓ החרצית 5, חולון
[308/382] "אהרונוביץ 91" → ✓ אהרונוביץ 91, חולון
[309/382] "ביאליק 33" → ✓ ביאליק 33, חולון
[310/382] "דבורה הנביאה 5" → ✓ דבורה הנביאה 5, חולון
[311/382] "הנשיא יצחק בן צבי 134" → ✓ הנשיא יצחק בן צבי 134, הרצליה
[312/382] "יהושע בן נון 54" → ✓ יהושע בן נון 54, הרצליה
[313/382] "פנקס 56" → ✓ פנקס 56, הרצליה
[314/382] "פנקס 39" → ✓ פנקס 39, הרצליה
[315/382] "סולץ אלכסנדר 9" → ✓ סולץ אלכסנדר 9, הרצליה
[316/382] "הגליל 8" → ✓ הגליל 8, הרצליה
[317/382] "הרב קוק 6" → ✓ הרב קוק 6, הרצליה
[318/382] "שד"ל 8" → ✓ שד"ל 8, הרצליה
[319/382] "יציאת אירופה 23" → ✓ יציאת אירופה 23, הרצליה
[320/382] "פרץ 7" → ✓ פרץ 7, הרצליה
[321/382] "רחל 11" → ✓ רחל 11, הרצליה
[322/382] "הר סיני 32א" → ✓ הר סיני 32א, הרצליה
[323/382] "גיסין 6" → ✓ גיסין 6, הרצליה
[324/382] "שרעבי 7" → ✓ שרעבי 7, הרצליה
[325/382] "הצברים 14" → ✓ הצברים 14, הרצליה
[326/382] "האילנות 58" → ✓ האילנות 58, הרצליה
[327/382] "יסוד העלה 20" → ✓ יסוד העלה 20, הרצליה
[328/382] "הזיתים 1" → ✓ הזיתים 1, הרצליה
[329/382] "הר שומרון 22" → ✓ הר שומרון 22, הרצליה
[330/382] "סירקין 4" → ✓ סירקין 4, הרצליה
[331/382] "זיסו 12" → ✓ זיסו 12, הרצליה
[332/382] "פנקס 54" → ✓ פנקס 54, הרצליה
[333/382] "היתד 20" → ✓ היתד 20, הרצליה
[334/382] "משכית 15" → ✓ משכית 15, הרצליה
[335/382] "שפרינצק 4" → ✓ שפרינצק 4, הרצליה
[336/382] "נתיב הל"ה 10" → ✓ נתיב הל"ה 10, הרצליה
[337/382] "שלמה המלך 34" → ✓ שלמה המלך 34, הרצליה
[338/382] "אלחריזי 5" → ✓ אלחריזי 5, הרצליה
[339/382] "מובשוביץ בנימין 16" → ✓ מובשוביץ בנימין 16, הרצליה
[340/382] "כסופים 12" → ✓ כסופים 12, הרצליה
[341/382] "כצנלסון 53" → ✓ כצנלסון 53, הרצליה
[342/382] "סעדיה גאון 14" → ✓ סעדיה גאון 14, הרצליה
[343/382] "ויצמן 31" → ✓ ויצמן 31, הרצליה
[344/382] "שח"ל 2" → ✓ שח"ל 2, הרצליה
[345/382] "העירית 6" → ✓ העירית 6, הרצליה
[346/382] "יציאת אירופה 45" → ✓ יציאת אירופה 45, הרצליה
[347/382] "הרב פישמן 8" → ✓ הרב פישמן 8, הרצליה
[348/382] "רזיאל דוד 22" → ✓ רזיאל דוד 22, הרצליה
[349/382] "סעדיה גאון 11" → ✓ סעדיה גאון 11, הרצליה
[350/382] "אשר ברש 5" → ✓ אשר ברש 5, הרצליה
[351/382] "אבן עזרא 13" → ✓ אבן עזרא 13, הרצליה
[352/382] "נורדאו 67ב" → ✓ נורדאו 67ב, הרצליה
[353/382] "הגאון מוילנה 14" → ✓ הגאון מוילנה 14, הרצליה
[354/382] "גיל 41" → ✓ גיל 41, הרצליה
[355/382] "כסופים 10" → ✓ כסופים 10, הרצליה
[356/382] "יהודה הנשיא 52" → ✓ יהודה הנשיא 52, הרצליה
[357/382] "יצחק שדה 40" → ✓ יצחק שדה 40, הרצליה
[358/382] "כצנלסון 90" → ✓ כצנלסון 90, הרצליה
[359/382] "אבן גבירול 34" → ✓ אבן גבירול 34, הרצליה
[360/382] "סעדיה גאון 6" → ✓ סעדיה גאון 6, הרצליה
[361/382] "חנה רובינא 1" → ✓ חנה רובינא 1, הרצליה
[362/382] "מרבד הקסמים 6" → ✓ מרבד הקסמים 6, הרצליה
[363/382] "מוטה גור 30" → ✓ מוטה גור 30, הרצליה
[364/382] "הנשיא יצחק בן צבי 79א" → ✓ הנשיא יצחק בן צבי 79א, הרצליה
[365/382] "מעלה זיתים 1" → ✓ מעלה זיתים 1, ירושלים
[366/382] "הסנהדרין 23" → ✓ הסנהדרין 23, חולון
[367/382] "העליה השניה 37" → ✓ העליה השניה 37, חולון
[368/382] "חזית חמש 10" → ✓ חזית חמש 10, חולון
[369/382] "סמטת הקיקיון 9 - ע"י בי"כ נועם יצחק" → ✓ סמטת הקיקיון 9 - ע"י בי"כ נועם יצחק, אשקלון
[370/382] "שפייה 25" → ✓ שפייה 25, אשקלון
[371/382] "מרק יעקב 3" → ✓ מרק יעקב 3, תל־אביב–יפו
[372/382] "בושם 59" → ✓ בושם 59, תל־אביב–יפו
[373/382] "שד' ההשכלה 10" → ✓ שד' ההשכלה 10, תל־אביב–יפו
[374/382] "האדמו"ר מבאבוב 12" → ✓ האדמו"ר מבאבוב 12, בת ים
[375/382] "החשמונאים 27" → ✓ החשמונאים 27, בת ים
[376/382] "הנביאים 58" → ✓ הנביאים 58, בת ים
[377/382] "העצמאות 66" → ✓ העצמאות 66, בת ים
[378/382] "הלפר 38" → ✓ הלפר 38, בת ים
[379/382] "בן ציון ישראל 15" → ✓ בן ציון ישראל 15, בת ים
[380/382] "בן זכאי 30" → ✓ בן זכאי 30, בית שמש
[381/382] "בן איש חי 15" → ✓ בן איש חי 15, בית שמש
[382/382] "נתן הנביא 4" → ✓ נתן הנביא 4, בית שמש

✅ Done. Updated: 376, Failed: 6
