Found 1210 places to reverse-geocode (out of 5629 total)
Estimated time: 23 minutes

[1/1210] ארומה (נחף) → ✓ מעלה כמון, כרמיאל
[2/1210] דודא (אילת) → ✓ תרשיש, אילת
[3/1210] Times Square (אילת) → ✓ טיילת השלום, אילת
[4/1210] Denis Kingdom (אילת) → ✓ הים, אילת
[5/1210] בורגרס בר (אילת) → ✓ טיילת השלום, אילת
[6/1210] ארומה (ירושלים) → ✓ ממילא, ירושלים
[7/1210] מרקש (נתניה) → ✓ Bialik, נתניה
[8/1210] ראנץ' האוס בר בורגר (אילת) → ✓ טיילת השלום, אילת
[9/1210] Buffalo Steak House (אילת) → — unchanged
[10/1210] וונגס גריל (אילת) → — unchanged
[11/1210] שיפודי הבוסתן (אילת) → — unchanged
[12/1210] שיפודי אילת (אילת) → — unchanged
[13/1210] מרינה גריל (אילת) → — unchanged
[14/1210] קפה בולבארד (אילת) → — unchanged
[15/1210] Brasserie (אילת) → — unchanged
[16/1210] ציקן & ביף (אזור) → — unchanged
[17/1210] בורגרס בר (מודיעין-מכבים-רעות) → — unchanged
[18/1210] ארומה (דימונה) → — unchanged
[19/1210] קפה קפה (שוהם) → — unchanged
[20/1210] Cofix (חולון) → — unchanged
[21/1210] רולדין (שוהם) → — unchanged
[22/1210] 300 גרם (בצת) → — unchanged
[23/1210] מקדונלד'ס (נטעים) → — unchanged
[24/1210] קפה גרג (כרמיאל) → — unchanged
[25/1210] קפה קפה (חולון) → — unchanged
[26/1210] פיצה האט (נשר) → — unchanged
[27/1210] מפגש גולני (עפולה) → — unchanged
[28/1210] השיפודיה בגן (הגושרים) → — unchanged
[29/1210] קאסה דל פפה (רחובות) → — unchanged
[30/1210] חומוס ברדיצ'ב (נשר) → — unchanged
[31/1210] oshi (רחובות) → — unchanged
[32/1210] Pasta Basta (רחובות) → — unchanged
[33/1210] חצ'אפוריה שוק מחנה יהודה (ירושלים) → — unchanged
[34/1210] מקדונלד'ס (ירושלים) → — unchanged
[35/1210] השבעה שוורמה (אשדוד) → — unchanged
[36/1210] הטורטיה של מקור הבשר (הרצליה) → — unchanged
[37/1210] בורגרים (נתניה) → — unchanged
[38/1210] דבוש (נתניה) → — unchanged
[39/1210] ויוינו (כרמיאל) → — unchanged
[40/1210] דוגמה (לוד) → — unchanged
[41/1210] קפה גן סיפור (ירושלים) → — unchanged
[42/1210] קזבלן (רחובות) → — unchanged
[43/1210] פלאפל פרישמן (רעננה) → — unchanged
[44/1210] פיצה האט (גבעתיים) → — unchanged
[45/1210] גריל street (גבעתיים) → — unchanged
[46/1210] שווארמה street (גבעתיים) → — unchanged
[47/1210] Golda (גיבתון) → — unchanged
[48/1210] Papa John's (גיבתון) → — unchanged
[49/1210] פיצה שמש (שדרות) → — unchanged
[50/1210] המטבח (אשדוד) → — unchanged
  💾 Saved checkpoint at 50
[51/1210] עידן הפיצה (אשדוד) → — unchanged
[52/1210] קצפת (אשדוד) → — unchanged
[53/1210] מסעדת ויצמן (אשדוד) → — unchanged
[54/1210] פיצה טוביה (שוהם) → — unchanged
[55/1210] פיצה רומא (שוהם) → — unchanged
[56/1210] ReBar ריבר (שוהם) → — unchanged
[57/1210] גלידה גולדה (שוהם) → — unchanged
[58/1210] McDonald's מקדונלד'ס (שוהם) → — unchanged
[59/1210] סביחה (גבעתיים) → — unchanged
[60/1210] קוקו על גלגלים (שוהם) → — unchanged
[61/1210] קפיטרית תיכון שוהם (שוהם) → — unchanged
[62/1210] פיצה פצץ (שוהם) → — unchanged
[63/1210] בורגרים (שוהם) → — unchanged
[64/1210] פיצה אורי (ירושלים) → — unchanged
[65/1210] שלום פלאפל (ירושלים) → — unchanged
[66/1210] פיצה שמש (טבריה) → — unchanged
[67/1210] דומינוס (כרמיאל) → — unchanged
[68/1210] רובן (כרמיאל) → — unchanged
[69/1210] קקאו (כרמיאל) → — unchanged
[70/1210] שווארמה ושיפודי הגליל (כרמיאל) → — unchanged
[71/1210] אצה סושי בר (נחף) → — unchanged
[72/1210] BBB (נחף) → — unchanged
[73/1210] חומוס המלכים (נחף) → — unchanged
[74/1210] גולדה (אשקלון) → — unchanged
[75/1210] שווארמה קריטי (רחובות) → — unchanged
[76/1210] פלאפל שרעבי (רחובות) → — unchanged
[77/1210] Bagel Café (ירושלים) → — unchanged
[78/1210] פלאפל השכונה (רחובות) → — unchanged
[79/1210] קצפת (ירושלים) → — unchanged
[80/1210] ביג אפל פיצה (ירושלים) → — unchanged
[81/1210] פלאפל בן יעקב (ירושלים) → — unchanged
[82/1210] פיצה רמיני פלוס (ירושלים) → — unchanged
[83/1210] כבשה שחורה (נשר) → — unchanged
[84/1210] Panorama (נתניה) → — unchanged
[85/1210] ריבאר (נחף) → — unchanged
[86/1210] מוזיאון יהדות איטליה (ירושלים) → — unchanged
[87/1210] מרכז ברסלב (נתניה) → — unchanged
[88/1210] בית דוד (נתניה) → — unchanged
[89/1210] בית מיר (נתניה) → — unchanged
[90/1210] בית הכנסת הכט (ירושלים) → — unchanged
[91/1210] ישמח משה (נתניה) → — unchanged
[92/1210] אוהל יוסף ושרה (ירושלים) → — unchanged
[93/1210] צעירי ציון (נתניה) → — unchanged
[94/1210] אבות רבנים (נתניה) → — unchanged
[95/1210] קיבוץ גלויות (נתניה) → — unchanged
[96/1210] שמח ישראל (נתניה) → — unchanged
[97/1210] בית הכנסת הגדול (גבעתיים) → — unchanged
[98/1210] מרכז שטיינזלץ (ירושלים) → — unchanged
[99/1210] אוהל שרה (רחובות) → — unchanged
[100/1210] פועלי אגודת ישראל (פאי) (רחובות) → — unchanged
  💾 Saved checkpoint at 100
[101/1210] אוהל ש"י (רחובות) → — unchanged
[102/1210] תפארת משה (ברמן) (רחובות) → — unchanged
[103/1210] מרכז אברהם (רחובות) → — unchanged
[104/1210] בית אליעזר (רחובות) → — unchanged
[105/1210] חזון יחזקאל (רחובות) → — unchanged
[106/1210] יד הרב נסים (ירושלים) → — unchanged
[107/1210] אוהל יוסף (ירושלים) → — unchanged
[108/1210] יד תמר (ירושלים) → — unchanged
[109/1210] אהבת ישראל (רחובות) → — unchanged
[110/1210] בית כנסת (גיבתון) → — unchanged
[111/1210] קבר דן בן יעקב (אשתאול) → — unchanged
[112/1210] מרכז תרבות דתי לנוער (נשר) → — unchanged
[113/1210] בני עקיבא - סניף נתניה מרכז (נתניה) → — unchanged
[114/1210] ציונו של חבקוק הנביא (קדרים) → — unchanged
[115/1210] קבר שמעיה ואבטליון (ג'ש) → — unchanged
[116/1210] אוהל עמנואל (נתניה) → — unchanged
[117/1210] אוהל משה (אשקלון) → — unchanged
[118/1210] זופניק (מוצא) → — unchanged
[119/1210] בית הכנסת הגדול (אושה) → — unchanged
[120/1210] בן צבי (זנוח) → — unchanged
[121/1210] ישיבת אסף פאלתיאל הלוי בעל הנס (גבעתיים) → — unchanged
[122/1210] דה רוטשילד (ירושלים) → — unchanged
[123/1210] ישיבת היכל תורה (ירושלים) → — unchanged
[124/1210] זכרון מנחם (ירושלים) → — unchanged
[125/1210] תלמוד תורה (ירושלים) → — unchanged
[126/1210] ערי אחים (ירושלים) → — unchanged
[127/1210] חורב (ירושלים) → — unchanged
[128/1210] בית מדרש אהל יצחק (ירושלים) → — unchanged
[129/1210] ישועות ישראל (ירושלים) → — unchanged
[130/1210] זהרי חמה (ירושלים) → — unchanged
[131/1210] הגליל/הבריכה (נשר) → — unchanged
[132/1210] נווה אברהם (מוצא) → — unchanged
[133/1210] יוסף חיים (מוצא) → — unchanged
[134/1210] בית מדרש (רחובות) → — unchanged
[135/1210] אוהל ישראל (סתריה) → — unchanged
[136/1210] אחדות ישראל (ירושלים) → — unchanged
[137/1210] בית כנסת (נתניה) → — unchanged
[138/1210] משכן באב"ד (מוצא) → — unchanged
[139/1210] בית הכנסת זכרון קדושים (גבעתיים) → — unchanged
[140/1210] הכותל הקטן (ירושלים) → — unchanged
[141/1210] בית כנסת מגן אברהם (פרדסיה) → — unchanged
[142/1210] בית כנסת מרכזי (ירוחם) → — unchanged
[143/1210] תפלה למשה (אורה) → — unchanged
[144/1210] מגן דוד (אורה) → — unchanged
[145/1210] מרעה דוד (רמלה) → — unchanged
[146/1210] תפארת מאיר (רמלה) → — unchanged
[147/1210] תפארת בנימין (בנימינה) → — unchanged
[148/1210] אלקטר (רמלה) → — unchanged
[149/1210] אוהל משה (רמלה) → — unchanged
[150/1210] הניצחון (רמלה) → — unchanged
  💾 Saved checkpoint at 150
[151/1210] בית כנסת בית פינקס (ירוחם) → — unchanged
[152/1210] נחלת גאולים (אורה) → — unchanged
[153/1210] רמב"ם (אורה) → — unchanged
[154/1210] אהבת ישראל (נתיבות) → — unchanged
[155/1210] מגן אברהם (נתיבות) → — unchanged
[156/1210] משכן שמעיה (חמ"ד) → — unchanged
[157/1210] תפארת ישראל (אליקים) → — unchanged
[158/1210] עץ חיים (אליקים) → — unchanged
[159/1210] בית כנסת אוהל זאב (דימונה) → — unchanged
[160/1210] שבת אחים (ערד) → — unchanged
[161/1210] בית כנסת האר"י (אשכנזי) (צפת) → — unchanged
[162/1210] זכור אברהם (שוהם) → — unchanged
[163/1210] קריית אדמונד ספרא (שוהם) → — unchanged
[164/1210] דוד בן שושן (עתלית) → — unchanged
[165/1210] בית כנסת מרכזי (שלומי) → — unchanged
[166/1210] עזרת אחים (פורת) → — unchanged
[167/1210] בית כנסת מרכזי (קדימה) → — unchanged
[168/1210] בית כנסת עולי בבל (קדימה) → — unchanged
[169/1210] קיוויתי (אופקים) → — unchanged
[170/1210] בית הכנסת פקיעין (פקיעין) → — unchanged
[171/1210] יונה מנחם (נוב) → — unchanged
[172/1210] דורות אברהם (שוהם) → — unchanged
[173/1210] שבות שלום (דימונה) → — unchanged
[174/1210] מערת הסנהדרין הקטנה (ירושלים) → — unchanged
[175/1210] שובה ישראל (ערד) → — unchanged
[176/1210] בית כנסת אביאל (אביאל) → — unchanged
[177/1210] בית הכנסת העתיק ברעם (דוב״ב) → — unchanged
[178/1210] ר׳ מכיל׳ע מנתניה (הדסים) → — unchanged
[179/1210] עץ חיים (ירושלים) → — unchanged
[180/1210] אוהל ארון ברית ה' (ירושלים) → — unchanged
[181/1210] אולם ההתוועדויות (ירושלים) → — unchanged
[182/1210] בית כנסת איסטנבולי (ירושלים) → — unchanged
[183/1210] בית כנסת אליהו הנביא (ירושלים) → — unchanged
[184/1210] בית כנסת יוחנן בן-זכאי (ירושלים) → — unchanged
[185/1210] בית כנסת אמצעי (ירושלים) → — unchanged
[186/1210] עזרת גברים (ירושלים) → — unchanged
[187/1210] עזרת נשים (ירושלים) → — unchanged
[188/1210] יהודי עדי (עדי) → — unchanged
[189/1210] בית כנסת מלון הגושרים (הגושרים) → — unchanged
[190/1210] Samaritan Synagogue (חולון) → — unchanged
[191/1210] תפארת להבים (להבים) → — unchanged
[192/1210] בית כנסת (גאליה) → — unchanged
[193/1210] אוהל חסדי אברהם (אשקלון) → — unchanged
[194/1210] בית הכנסת - בית אלוקים (צפת) → — unchanged
[195/1210] בית כנסת עדס (ירושלים) → — unchanged
[196/1210] קול רינה (ירושלים) → — unchanged
[197/1210] Bet Haknesset Chabad Bnei Romi (נתניה) → — unchanged
[198/1210] Bet Chabat - Russian (נתניה) → — unchanged
[199/1210] בית כנסת מגדל הזהב (ירושלים) → — unchanged
[200/1210] בית כנסת אגודת צעירי פרס (ירושלים) → — unchanged
  💾 Saved checkpoint at 200
[201/1210] בית כנסת שאולי וכאשי (ירושלים) → — unchanged
[202/1210] Yoseph Karo Synagogue (צפת) → — unchanged
[203/1210] בית כנסת זכור לאברהם (קדימה) → — unchanged
[204/1210] בית כנסת הר צבי (ירושלים) → — unchanged
[205/1210] בית הכנסת ע"ש רבי דוד בן ברוך הכהן (אודים) → — unchanged
[206/1210] ציון התנא רבי יהודה בן בבא (שפרעם) → — unchanged
[207/1210] בית כנסת (אשדוד) → — unchanged
[208/1210] בית אברהם (רחובות) → — unchanged
[209/1210] בית הכנסת המרכזי (אחיעזר) → — unchanged
[210/1210] בית כנסת (גפן) → — unchanged
[211/1210] חב"ד (זנוח) → — unchanged
[212/1210] המלך דוד (עתלית) → — unchanged
[213/1210] תפארת אליהו (מיטב) → — unchanged
[214/1210] בית כנסת פרזון (פרזון) → — unchanged
[215/1210] רננים (רעננה) → — unchanged
[216/1210] מאירים (נתניה) → — unchanged
[217/1210] בית כנסת אורה (אורה) → — unchanged
[218/1210] בית כנסת (גבעתיים) → — unchanged
[219/1210] בית כנסת תפארת צבי (גבעתיים) → — unchanged
[220/1210] אוצרות חיים (רחובות) → — unchanged
[221/1210] שבט יהודה (רחובות) → — unchanged
[222/1210] בית כנסת - מאור פנחס אליעזר (חדרה) → — unchanged
[223/1210] חיים וחסד (מוצא) → — unchanged
[224/1210] אמרי שפר (מוצא) → — unchanged
[225/1210] בית מדרש ישת"ח (חיספין) → — unchanged
[226/1210] בית מדרש חטיבת ביניים חספין (חיספין) → — unchanged
[227/1210] שמחת אורן (הושעיה) → — unchanged
[228/1210] בית הכנסת התחיה (גבעתיים) → — unchanged
[229/1210] בית חב"ד מזרח (צופית) → — unchanged
[230/1210] בית כנסת אהבת התורה וישראל (דברת) → — unchanged
[231/1210] אוהל יוסף (יודפת) → — unchanged
[232/1210] מגן דוד (אורנים) → — unchanged
[233/1210] בית כנסת ספרדי (מאור) → — unchanged
[234/1210] בית ישראל (ירושלים) → — unchanged
[235/1210] בית כנסת מוסיוף (ירושלים) → — unchanged
[236/1210] אהל רחל (ירושלים) → — unchanged
[237/1210] בית כנסת יד לבנים (כרמיאל) → — unchanged
[238/1210] מקווה עירוני (חיפה) → — unchanged
[239/1210] קול חיים (רעננה) → — unchanged
[240/1210] בית כנסת המרכזי אלמי"ם (ירושלים) → — unchanged
[241/1210] בית המדרש וכולל מנחת אלעזר דחסידי מונקאטש (ירושלים) → — unchanged
[242/1210] אהל מנחם "וויטעפסק" (ירושלים) → — unchanged
[243/1210] קהל עדת ירושלים (ירושלים) → — unchanged
[244/1210] בית כנסת הספרדי (נחלים) → — unchanged
[245/1210] שערי ציון (אזור) → — unchanged
[246/1210] בית הכנסת ובית המדרש באר שבע (ירושלים) → — unchanged
[247/1210] בית הכנסת בעש"ט הקדוש (ירושלים) → — unchanged
[248/1210] בית יהודה (ירושלים) → — unchanged
[249/1210] ארבעת בתי הכנסת הספרדיים (ירושלים) → — unchanged
[250/1210] אור שלום (מיתר) → — unchanged
  💾 Saved checkpoint at 250
[251/1210] בית הכנסת המרכזי (מיתר) → — unchanged
[252/1210] בית הכנסת החורבה (ירושלים) → — unchanged
[253/1210] בית כנסת (אשדוד) → — unchanged
[254/1210] בית הכנסת החדש נתניה (נתניה) → — unchanged
[255/1210] שער עוזיאל (רחובות) → — unchanged
[256/1210] בית שלמה (רחובות) → — unchanged
[257/1210] חזון עובדיה (רחובות) → — unchanged
[258/1210] בית זלצר (רחובות) → — unchanged
[259/1210] חת"ם (רחובות) → — unchanged
[260/1210] ביכ"נ וויז'ניץ (רחובות) → — unchanged
[261/1210] השטיבלך (ירושלים) → — unchanged
[262/1210] זה השער לה (רחובות) → — unchanged
[263/1210] בית הכנסת "אהבת ישראל" (רחובות) → — unchanged
[264/1210] בר אילן (סתריה) → — unchanged
[265/1210] בית הימפלד (רחובות) → — unchanged
[266/1210] היובל הספרדי (רחובות) → — unchanged
[267/1210] הרי"ף (רחובות) → — unchanged
[268/1210] בית הכנסת ושטיבלך פא"י (רחובות) → — unchanged
[269/1210] ישורון (ירושלים) → — unchanged
[270/1210] אוהל יצחק (רחובות) → — unchanged
[271/1210] בית כנסת חושן (מודיעין-מכבים-רעות) → — unchanged
[272/1210] משכן יוסף (רחובות) → — unchanged
[273/1210] אוהל נחמה (ירושלים) → — unchanged
[274/1210] בי"כ מורשת ישראל (ירושלים) → — unchanged
[275/1210] מרכז ליהדות קונסרבטיבית (ירושלים) → — unchanged
[276/1210] ביהמ"ד קול מנחם קאליב (ירושלים) → — unchanged
[277/1210] מרכז וייס (ירושלים) → — unchanged
[278/1210] נחלת יעקב (ירושלים) → — unchanged
[279/1210] אהל יצחק (ירושלים) → — unchanged
[280/1210] עולי רגל (ירושלים) → — unchanged
[281/1210] שבת אחים (ירושלים) → — unchanged
[282/1210] תקוות שמעון (ירושלים) → — unchanged
[283/1210] מגן ישראל (ירושלים) → — unchanged
[284/1210] יד תמר (ירושלים) → — unchanged
[285/1210] חורב (ירושלים) → — unchanged
[286/1210] הנשיא (ירושלים) → — unchanged
[287/1210] נצח ישראל (ירושלים) → — unchanged
[288/1210] רבי מאיר בעל הנס (ירושלים) → — unchanged
[289/1210] הגר"א (ירושלים) → — unchanged
[290/1210] מעיינות (ירושלים) → — unchanged
[291/1210] ויאמר אברהם (ירושלים) → — unchanged
[292/1210] אור זרוע (ירושלים) → — unchanged
[293/1210] הר אל (ירושלים) → — unchanged
[294/1210] הצבי ישראל (ירושלים) → — unchanged
[295/1210] קבר דוד (ירושלים) → — unchanged
[296/1210] ישיבת נפש החיים (ירושלים) → — unchanged
[297/1210] קבר דוד המלך (ירושלים) → — unchanged
[298/1210] אוהל רבקה (ירושלים) → — unchanged
[299/1210] אוהל אהרון (ירושלים) → — unchanged
[300/1210] בית כנסת עזרת ישראל (ירושלים) → — unchanged
  💾 Saved checkpoint at 300
[301/1210] ישראל חיים (ירושלים) → — unchanged
[302/1210] יקר (ירושלים) → — unchanged
[303/1210] ישיבת ירושלים לצעירים (מוצא) → — unchanged
[304/1210] ישיבת מרכז הרב (מוצא) → — unchanged
[305/1210] חסדי אמת (ירושלים) → — unchanged
[306/1210] תפארת ישראל (ירושלים) → — unchanged
[307/1210] פאר ירושלים (ירושלים) → — unchanged
[308/1210] נצח ישראל (ירושלים) → — unchanged
[309/1210] פאר דוד (ירושלים) → — unchanged
[310/1210] חזון יחזקאל (ירושלים) → — unchanged
[311/1210] בית יוסף (ירושלים) → — unchanged
[312/1210] משכן יוסף (ירושלים) → — unchanged
[313/1210] בית חב"ד (ירושלים) → — unchanged
[314/1210] שלום ורעות (ירושלים) → — unchanged
[315/1210] אהל ש"י (רחובות) → — unchanged
[316/1210] חזון יחזקאל (רחובות) → — unchanged
[317/1210] אוהל תורה (רחובות) → — unchanged
[318/1210] אשל אברהם (רחובות) → — unchanged
[319/1210] בית דוד (רחובות) → — unchanged
[320/1210] שומרי הלכות (רחובות) → — unchanged
[321/1210] קהילת יעקב (סתריה) → — unchanged
[322/1210] סיני (גבעתיים) → — unchanged
[323/1210] שחר היובל (סתריה) → — unchanged
[324/1210] אור לגיל (רחובות) → — unchanged
[325/1210] ביכ"נ קרעטשניף (רחובות) → — unchanged
[326/1210] ישיבת מרכז לתורה (חיפה) → ✓ הרב רפאל אנקואה, חיפה
[327/1210] ישיבת אור וישועה (נשר) → ✓ פיארברג (מרדכי זאב), חיפה
[328/1210] ישיבת הסדר אור וישועה (נשר) → ✓ חניתה 96, חיפה
[329/1210] ב"כ שער השמים (ירושלים) → ✓ הרכבת 53, ירושלים
[330/1210] בית כנסת - מורשת רפאל (חיפה) → ✓ ארלוזורוב 26, חיפה
[331/1210] הכללי (ברסלב) (ירושלים) → ✓ טבי, ירושלים
[332/1210] בית הכנסת תפארת ישראל (ירושלים) → ✓ הקראים, ירושלים
[333/1210] ביה"כ הרמח"ל (עכו) → ✓ רמח"ל, עכו
[334/1210] הישיבה הגדולה נחלת יצחק עטרת נחמיה (גבעתיים) → — unchanged
[335/1210] אוהל יוסף (גיבתון) → — unchanged
[336/1210] משכן מנחם (גיבתון) → — unchanged
[337/1210] אחדותי (גיבתון) → — unchanged
[338/1210] רמב"ן (ירושלים) → — unchanged
[339/1210] שערי צדק (גאליה) → — unchanged
[340/1210] בית כנסת עץ יוסף (ירושלים) → — unchanged
[341/1210] שערי ציון (רחובות) → — unchanged
[342/1210] ביה"כ אהל דאר (מוצא) → — unchanged
[343/1210] ביה"כ משכן שרגא (מוצא) → — unchanged
[344/1210] ביה"כ נווה אורות (מוצא) → — unchanged
[345/1210] מקדש אליהו (אורה) → — unchanged
[346/1210] טיילור (אורה) → — unchanged
[347/1210] שערי רחמים ושמחה (ירושלים) → — unchanged
[348/1210] נווה דוד (ירושלים) → — unchanged
[349/1210] אוהל ישראל (ירושלים) → — unchanged
[350/1210] תפארת בחורים (אורה) → — unchanged
  💾 Saved checkpoint at 350
[351/1210] זכרון קדושים (אורה) → — unchanged
[352/1210] דוד עזרא משען (אורה) → — unchanged
[353/1210] תפילה לדוד (אורה) → — unchanged
[354/1210] צעירי גנים (אורה) → — unchanged
[355/1210] ישראל - חב"ד (אורה) → — unchanged
[356/1210] נר לדוד (אורה) → — unchanged
[357/1210] בית הכנסת המרוקאי (אורה) → — unchanged
[358/1210] יד עמוס - סיני (אשקלון) → — unchanged
[359/1210] רבי דוד ומשה (אורה) → — unchanged
[360/1210] קדושי עלייה (אורה) → — unchanged
[361/1210] האמת והשלום (אורה) → — unchanged
[362/1210] אוהל מלכה (אורה) → — unchanged
[363/1210] זכור לאברהם (אורה) → — unchanged
[364/1210] אלי כהן (אורה) → — unchanged
[365/1210] אהל משה (אורה) → — unchanged
[366/1210] שירת גנים (אורה) → — unchanged
[367/1210] שבת אחים (אורה) → — unchanged
[368/1210] זכור לאברהם (אורה) → — unchanged
[369/1210] יד אבי (אורה) → — unchanged
[370/1210] יד יוסף (אורה) → — unchanged
[371/1210] גבעת משואה (אורה) → — unchanged
[372/1210] הצדיק האלקי (אורה) → — unchanged
[373/1210] בן ברוך (אורה) → — unchanged
[374/1210] בית הכנסת הספרדי הגדול (גבעתיים) → — unchanged
[375/1210] בית כנסת (ניצן) → — unchanged
[376/1210] ישיבת קול יעקב (אורה) → — unchanged
[377/1210] זכות אבות (אורה) → — unchanged
[378/1210] היכל רמות (מוצא) → — unchanged
[379/1210] רמת בית הכרם (מוצא) → — unchanged
[380/1210] בית כנסת נחלים (נחלים) → — unchanged
[381/1210] לזכר סוזן (מוצא) → — unchanged
[382/1210] היכל הצבי (מורשת) → — unchanged
[383/1210] היכל גבריאל (מורשת) → — unchanged
[384/1210] המרכזי בית הכרם (מוצא) → — unchanged
[385/1210] יפה נוף (מוצא) → — unchanged
[386/1210] ישיבת מכון מאיר (מוצא) → — unchanged
[387/1210] עץ יוסף (מוצא) → — unchanged
[388/1210] ישיבת תכלת אדם (מוצא) → — unchanged
[389/1210] ישיבת עטרת תורה (מוצא) → — unchanged
[390/1210] בית כנסת דתי לאומי (מוצא) → — unchanged
[391/1210] אברהם יגל (מוצא) → — unchanged
[392/1210] גבעת פנחס בוסטון (מוצא) → — unchanged
[393/1210] גבעת פנחס בוסטון (מוצא) → — unchanged
[394/1210] 4 Synaqoques (מוצא) → — unchanged
[395/1210] בית רמח"ל (מוצא) → — unchanged
[396/1210] עזרת תורה (ירושלים) → — unchanged
[397/1210] אוהל שמעון (ירושלים) → — unchanged
[398/1210] יד חנה (ירושלים) → — unchanged
[399/1210] בית המדרש ישיבת חורב (ירושלים) → — unchanged
[400/1210] בי"כ רמתיים צופים (מוצא) → — unchanged
  💾 Saved checkpoint at 400
[401/1210] ישיבת כף החיים (ירושלים) → — unchanged
[402/1210] בית מדרש שבט הלוי (ירושלים) → — unchanged
[403/1210] ישיבת מאור עיניים (ירושלים) → — unchanged
[404/1210] מוסדות חסידי סלאנים "באר אברהם" (ירושלים) → — unchanged
[405/1210] ישיבת זהר התורה (ירושלים) → — unchanged
[406/1210] ישיבת תורה אור (ירושלים) → — unchanged
[407/1210] בית כנסת מעייני ישראל (ירושלים) → — unchanged
[408/1210] ישיבת תולדות אהרן (ירושלים) → — unchanged
[409/1210] בית הכנסת חסידים (ירושלים) → — unchanged
[410/1210] בית הכנסת פרושים (ירושלים) → — unchanged
[411/1210] שטיבעלאך אור הצפון (ירושלים) → — unchanged
[412/1210] בי"כ רשב"י (אזור) → — unchanged
[413/1210] חסד ואמת (כנות) → — unchanged
[414/1210] ישיבת מיר (ירושלים) → — unchanged
[415/1210] גן מח"ל (ירושלים) → — unchanged
[416/1210] בית הכנסת אהבת ישראל (ירושלים) → — unchanged
[417/1210] קהילת משה"ב טנה (אורה) → — unchanged
[418/1210] בית כנסת - זכרון הקדושים (חדרה) → — unchanged
[419/1210] קהילת יער רמות (מוצא) → — unchanged
[420/1210] בית כנסת מצפה רמות (מוצא) → — unchanged
[421/1210] בי"כ עטרת ציון (מוצא) → — unchanged
[422/1210] ישיבת רמות (מוצא) → — unchanged
[423/1210] זכרון אברהם (מוצא) → — unchanged
[424/1210] קהל אוהל יוסף (מוצא) → — unchanged
[425/1210] נחלת יעקב (מוצא) → — unchanged
[426/1210] שומרי החומות (מוצא) → — unchanged
[427/1210] ישיבת לייקווד (מוצא) → — unchanged
[428/1210] שערי רחמים ויוסף (מוצא) → — unchanged
[429/1210] חסד לאברהם (ירושלים) → — unchanged
[430/1210] ביכ"נ הגדול פסגת רם (ירושלים) → — unchanged
[431/1210] אוהל שרה (ירושלים) → — unchanged
[432/1210] אוהל חנה (ירושלים) → — unchanged
[433/1210] פסגת מוריה (ירושלים) → — unchanged
[434/1210] משכן אברהם (ירושלים) → — unchanged
[435/1210] יוסף חי (ירושלים) → — unchanged
[436/1210] רבי שמעון בר יוחאי (ירושלים) → — unchanged
[437/1210] פסגת תימן (ירושלים) → — unchanged
[438/1210] משכן יעקב (ירושלים) → — unchanged
[439/1210] אוהל שמעון (ירושלים) → — unchanged
[440/1210] משכן יצחק (ירושלים) → — unchanged
[441/1210] בית יעקב (ירושלים) → — unchanged
[442/1210] אוהל גבריאל ואברהם (ירושלים) → — unchanged
[443/1210] זכור לאברהם (ירושלים) → — unchanged
[444/1210] בית ציון (ירושלים) → — unchanged
[445/1210] אברהם אבינו (ירושלים) → — unchanged
[446/1210] אוהל יוסף (ירושלים) → — unchanged
[447/1210] שער דוד (ירושלים) → — unchanged
[448/1210] גבורת ארי (ירושלים) → — unchanged
[449/1210] כתר לדוד (ירושלים) → — unchanged
[450/1210] שערי תורה (ירושלים) → — unchanged
  💾 Saved checkpoint at 450
[451/1210] מנורת המאור (ירושלים) → — unchanged
[452/1210] אור נסים (ירושלים) → — unchanged
[453/1210] הרמב"ן (ירושלים) → — unchanged
[454/1210] בית הכנסת הספרדי רבי מאיר בעל הנס (גבעתיים) → — unchanged
[455/1210] בית חב"ד כרמיאל (כרמיאל) → — unchanged
[456/1210] בית הכנסת העתיק, טבריה (טבריה) → — unchanged
[457/1210] דרכי שלום (אזור) → — unchanged
[458/1210] פאר ישראל (הקיקיון) → — unchanged
[459/1210] בית כנסת עמק רפאים (ירושלים) → — unchanged
[460/1210] שארית יצחק (רמלה) → — unchanged
[461/1210] אוהל יוסף (רמלה) → — unchanged
[462/1210] מגן השלום (רמלה) → — unchanged
[463/1210] אהבת ציון (רמלה) → — unchanged
[464/1210] גיבורי ישראל (רמלה) → — unchanged
[465/1210] חיזוק אמונה (רמלה) → — unchanged
[466/1210] אוהל אברהם (רמלה) → — unchanged
[467/1210] אהבת ישראל הטהורה (רמלה) → — unchanged
[468/1210] רמב"ן (רמלה) → — unchanged
[469/1210] בית הכנסת האיטלקי (גבעתיים) → — unchanged
[470/1210] הרב אלעזר הלוי (רמלה) → — unchanged
[471/1210] רשב"י (רמלה) → — unchanged
[472/1210] קדושי סטרומה (רמלה) → — unchanged
[473/1210] סוכת שלום (רמלה) → — unchanged
[474/1210] קדושי השואה (רמלה) → — unchanged
[475/1210] אשל אברהם (רמלה) → — unchanged
[476/1210] קהילות יעקב (רמלה) → — unchanged
[477/1210] מעיין ישראל (רמלה) → — unchanged
[478/1210] רשב"ם (רמלה) → — unchanged
[479/1210] עץ החיים (רמלה) → — unchanged
[480/1210] בית ישראל (רמלה) → — unchanged
[481/1210] זכור לאברהם (רמלה) → — unchanged
[482/1210] שארית הפליטה (רמלה) → — unchanged
[483/1210] תפארת יצחק (סביון) → — unchanged
[484/1210] אבשלום (רמלה) → — unchanged
[485/1210] היכל הבנים (ישרש) → — unchanged
[486/1210] שערי צדק (רמלה) → — unchanged
[487/1210] יוסף המערבי (רמלה) → — unchanged
[488/1210] קבר שמעון הצדיק (ירושלים) → — unchanged
[489/1210] אוהל שרה (רמלה) → — unchanged
[490/1210] גאולי תימן (רמלה) → — unchanged
[491/1210] אחדות ישראל (רמלה) → — unchanged
[492/1210] אלהודא (רמלה) → — unchanged
[493/1210] בית יוסף (רמלה) → — unchanged
[494/1210] עץ חיים (רמלה) → — unchanged
[495/1210] חסד ואמת (רמלה) → — unchanged
[496/1210] משכן אברהם (רמלה) → — unchanged
[497/1210] קרית מנחם בגין (לוד) → — unchanged
[498/1210] בית כנסת הספרדי המרכזי (קצרין) → — unchanged
[499/1210] יגדיל תורה (חמ"ד) → — unchanged
[500/1210] בן איש חי (נטעים) → — unchanged
  💾 Saved checkpoint at 500
[501/1210] שערי שמיים (אורה) → — unchanged
[502/1210] בית הכנסת אהבת ציון (זנוח) → — unchanged
[503/1210] בית כנסת יד רמ"א (יבנה) → — unchanged
[504/1210] בית כנסת אוהל מועד (יבנה) → — unchanged
[505/1210] מקדש מעט (ירקונה) → — unchanged
[506/1210] שכונת אחים (הרצליה) → — unchanged
[507/1210] בית הכנסת המרכזי נווה עמל (הרצליה) → — unchanged
[508/1210] גאולת ישראל (הרצליה) → — unchanged
[509/1210] קהילת אריאל (רעננה) → — unchanged
[510/1210] שבטי ישראל (רעננה) → — unchanged
[511/1210] לכו רננה (רעננה) → — unchanged
[512/1210] בית יעקב (רעננה) → — unchanged
[513/1210] היכל ציון - בית יעקב (רעננה) → — unchanged
[514/1210] בית כנסת עדת ישראל (רעננה) → — unchanged
[515/1210] אל עולם (רעננה) → — unchanged
[516/1210] עולי בבל (רעננה) → — unchanged
[517/1210] גן עלייה (רעננה) → — unchanged
[518/1210] יוסף שלום (רעננה) → — unchanged
[519/1210] ימין משה (רעננה) → — unchanged
[520/1210] נצח ישראל אור לבנים (רעננה) → — unchanged
[521/1210] עץ החיים (רעננה) → — unchanged
[522/1210] עציון (רעננה) → — unchanged
[523/1210] אוהל שלום (רעננה) → — unchanged
[524/1210] בית אהרון (רעננה) → — unchanged
[525/1210] בית יוסף (צופית) → — unchanged
[526/1210] אור ישראל (הרצליה) → — unchanged
[527/1210] נווה שלום (הרצליה) → — unchanged
[528/1210] היכל אליעזר (הרצליה) → — unchanged
[529/1210] בית אליעזר (הרצליה) → — unchanged
[530/1210] בית כנסת אוהל הבנים (עשרת) → — unchanged
[531/1210] אוהל יצחק (נתניה) → — unchanged
[532/1210] אור הכרמל (עספיא) → — unchanged
[533/1210] בית ישראל (גנות) → — unchanged
[534/1210] ישיבת בית אורות (ירושלים) → — unchanged
[535/1210] הפועל המזרחי (אזור) → — unchanged
[536/1210] שארית הפליטה (אזור) → — unchanged
[537/1210] חב"ד (אזור) → — unchanged
[538/1210] הדרת המלך (אזור) → — unchanged
[539/1210] אורות האר"י (צפת) → — unchanged
[540/1210] ישיבת עטרת מרדכי צפת (צפת) → — unchanged
[541/1210] בית מדרש (לוד) → — unchanged
[542/1210] שערי שמים (לוד) → — unchanged
[543/1210] ההודי (לוד) → — unchanged
[544/1210] מרוקאי-אור החיים (לוד) → — unchanged
[545/1210] אשכנזי-זכור לאברהם (לוד) → — unchanged
[546/1210] ברסלב (לוד) → — unchanged
[547/1210] העיראקי (לוד) → — unchanged
[548/1210] אלגריבה (לוד) → — unchanged
[549/1210] יד אמיתי (שדרות) → — unchanged
[550/1210] בית הכנסת המרכזי (שדרות) → — unchanged
  💾 Saved checkpoint at 550
[551/1210] מקווה (שדרות) → — unchanged
[552/1210] בית כנסת אהל שם (גבעתיים) → — unchanged
[553/1210] אוהל מועד (אשקלון) → — unchanged
[554/1210] בית כנסת משכן שלום (שדרות) → — unchanged
[555/1210] בית כנסת רגבה (רגבה) → — unchanged
[556/1210] בית ישראל (לוד) → — unchanged
[557/1210] Synagogue Klarh Carraco (אשדוד) → — unchanged
[558/1210] בית הכנסת ברסלב (צפת) → — unchanged
[559/1210] בית הכנסת היכל דוד (צפת) → — unchanged
[560/1210] בית הכנסת הונגרים - אגודת אחים (צפת) → — unchanged
[561/1210] בית הכנסת היכל אברהם (מודיעין-מכבים-רעות) → — unchanged
[562/1210] בית כנסת (כרמיאל) → — unchanged
[563/1210] תהלה לדוד (נשר) → — unchanged
[564/1210] אוהלי מנחם (מודיעין-מכבים-רעות) → — unchanged
[565/1210] קבר רבי שמעון בר יוחאי (מירון) → — unchanged
[566/1210] בית כנסת היכל מוהר"ן (צפת) → — unchanged
[567/1210] בית הכנסת חללי צה"ל (צפת) → — unchanged
[568/1210] שטיבלך מאור חיים (צפת) → — unchanged
[569/1210] ישיבת חכמת שלמה (צפת) → — unchanged
[570/1210] בית הכנסת פרי מגדים (צפת) → — unchanged
[571/1210] בית הכנסת אבוחצירא (צפת) → — unchanged
[572/1210] ישיבת שובו בנים (ירושלים) → — unchanged
[573/1210] אולמות התפילה המקורים (ירושלים) → — unchanged
[574/1210] אוהל יצחק (ירושלים) → — unchanged
[575/1210] ספריית הכולל (ירושלים) → — unchanged
[576/1210] כולל (ירושלים) → — unchanged
[577/1210] בית כנסת משכן אריאל (בלפור) → — unchanged
[578/1210] אור יצחק (רחובות) → — unchanged
[579/1210] בית הכנסת סאסי כהן (צפת) → — unchanged
[580/1210] בית הכנסת חוני המעגל (צפת) → — unchanged
[581/1210] בית הכנסת רשב"י (צפת) → — unchanged
[582/1210] בית הכנסת זבולון (צפת) → — unchanged
[583/1210] בית הכנסת אלחרזי (צפת) → — unchanged
[584/1210] בית הכנסת לעלוב (צפת) → — unchanged
[585/1210] קבר נחום איש גמזו (צפת) → — unchanged
[586/1210] בית הכנסת אבוחצירא (צפת) → — unchanged
[587/1210] Kolel Retzon Yehuda (נחלים) → — unchanged
[588/1210] גנים ובית כנסת (נחלים) → — unchanged
[589/1210] החסידים - שטיבלך (נחלים) → — unchanged
[590/1210] בית הכנסת לוי אשכול (צפת) → — unchanged
[591/1210] קבר בנימין הצדיק (צפת) → — unchanged
[592/1210] מאמר מרדכי (פרץ) (צפת) → — unchanged
[593/1210] ישיבת צפת (ביריה) → — unchanged
[594/1210] תפארת בחורים (גבעתיים) → — unchanged
[595/1210] שבת אחים (רעננה) → — unchanged
[596/1210] תפארת בחורים (רעננה) → — unchanged
[597/1210] בית הכנסת זכרון דליה (אלעד) → — unchanged
[598/1210] בית הכנסת היכל הצדיק ברסלב (אלעד) → — unchanged
[599/1210] בית הכנסת תפארת הרש"ש (אלעד) → — unchanged
[600/1210] בית כנסת נווה דוד (דימונה) → — unchanged
  💾 Saved checkpoint at 600
[601/1210] קבר חוצפית המתורגמן (ביריה) → — unchanged
[602/1210] בית הכנסת היכ"ל מוהר"ן ע"מ (צפת) → — unchanged
[603/1210] בית הכנסת אור החיים (צפת) → — unchanged
[604/1210] בית כנסת נירית (נירית) → — unchanged
[605/1210] שמע קולי (רעננה) → — unchanged
[606/1210] גיבורי ישראל (אורט) → — unchanged
[607/1210] שבות יעקב (אורט) → — unchanged
[608/1210] מגן אברהם (אשתאול) → — unchanged
[609/1210] משכן פז (אשקלון) → — unchanged
[610/1210] משכן בכור (אשקלון) → — unchanged
[611/1210] בית כנסת (אשקלון) → — unchanged
[612/1210] Pinto synagoge (אשדוד) → — unchanged
[613/1210] בית הכנסת המרכזי אפרידר (זונאבנד) → — unchanged
[614/1210] יוצאי חברון גני הדר (נחלים) → — unchanged
[615/1210] היכל הבעש"ט (צפת) → — unchanged
[616/1210] סוד השבת (גבע) → — unchanged
[617/1210] בית הכנסת קול אליהו (זנוח) → — unchanged
[618/1210] בית הכנסת משכן אברהם ומאיר (זנוח) → — unchanged
[619/1210] בית הכנסת נוה אשר (זנוח) → — unchanged
[620/1210] בית כנסת - אוהלי אשר (חדרה) → — unchanged
[621/1210] כית כנסת - ספרדי ע"ש הרמב"ם (חדרה) → — unchanged
[622/1210] חב"ד (ביריה) → — unchanged
[623/1210] בית הכנסת הספרדי (ביריה) → — unchanged
[624/1210] Irus Synagogue (אירוס) → — unchanged
[625/1210] בית כנסת - כולל רב פועלים (חדרה) → — unchanged
[626/1210] בית כנסת - מתן (חדרה) → — unchanged
[627/1210] בית כנסת - אוהל יצחק (חדרה) → — unchanged
[628/1210] בית כנסת - רבי שמעון בר יוחאי (חדרה) → — unchanged
[629/1210] בית כנסת - אלי כהן (חדרה) → — unchanged
[630/1210] בית הכנסת מגידו (מגידו) → — unchanged
[631/1210] בית כנסת אחווה ורעות (מודיעין-מכבים-רעות) → — unchanged
[632/1210] חפץ חיים (סער) → — unchanged
[633/1210] קבר יונתן בן עוזיאל (עמוקה) → — unchanged
[634/1210] בית כנסת משכן חי (כרמיאל) → — unchanged
[635/1210] ישיבת לנתיבות ישראל (ירושלים) → — unchanged
[636/1210] עדת ישורון (הלל) → — unchanged
[637/1210] אהבת ישראל (עוזה) → — unchanged
[638/1210] בית כנסת ברוך חי (דימונה) → — unchanged
[639/1210] שם ועבר (צפת) → — unchanged
[640/1210] בית כנסת טריסק (ברסלב) (צפת) → — unchanged
[641/1210] אבוהב (צפת) → — unchanged
[642/1210] בית הכנסת חומני עלוש (צפת) → — unchanged
[643/1210] בית כנסת בית מאיר (דימונה) → — unchanged
[644/1210] בית הכנסת פאר הנצח (צפת) → — unchanged
[645/1210] קבר רבי יהודה בר עילאי (ביריה) → — unchanged
[646/1210] עץ חיים (אופקים) → — unchanged
[647/1210] עם רב (אופקים) → — unchanged
[648/1210] בית מנחם (אופקים) → — unchanged
[649/1210] בית יעקב (אופקים) → — unchanged
[650/1210] תפארת ישראל (אופקים) → — unchanged
  💾 Saved checkpoint at 650
[651/1210] בית כנסת ומקווה גברים (ברקאי) → — unchanged
[652/1210] בית הכנסת (חולון) → — unchanged
[653/1210] בית חב"ד (רחובות) → — unchanged
[654/1210] בית הכנסת המרכזי
שלמה ויעקב פיצ'וטו (טפחות) → ✓ החיטה, מועצה אזורית מרום הגליל
[655/1210] שמחת מנשה (שוהם) → ✓ הירדן, שוהם
[656/1210] ישיבת ההסדר שעלבים (שעלבים) → ✓ נגב, שעלבים
[657/1210] התנועה ליהדות מתקדמת (אורנים) → ✓ יצחק רבין, קריית טבעון
[658/1210] בית הכנסת שעלבים (שעלבים) → ✓ אלה, שעלבים
[659/1210] בית כנסת ספרדי (הושעיה) → ✓ 7920, מועצה אזורית עמק יזרעאל
[660/1210] פני מנחם (מחניים) → ✓ 91, מועצה אזורית גליל עליון
[661/1210] בית כנסת רחובות הנהר (אליפלט) → ✓ נוף החולה, צפת
[662/1210] בית הכנסת המרכזי (חיספין) → ✓ טיילת חיספין אבני איתן, מועצה אזורית גולן
[663/1210] בית הכנסת הספרדי חספין (חיספין) → — unchanged
[664/1210] בית כנסת קשת (קשת) → — unchanged
[665/1210] בית הכנסת הגדול רעננה (רעננה) → — unchanged
[666/1210] ברית יצחק (כרכום) → — unchanged
[667/1210] חזון עובדיה (הדסים) → — unchanged
[668/1210] בית כנסת חנתון (חנתון) → — unchanged
[669/1210] בית כנסת יונתן (יונתן) → — unchanged
[670/1210] שער הרחמים (רעננה) → — unchanged
[671/1210] שטיבל יד בנימין (רעננה) → — unchanged
[672/1210] קראים (מצליח) → — unchanged
[673/1210] בית אור הרשב"י (מירון) → — unchanged
[674/1210] בית כנסת ברכת שלום (גזר) → — unchanged
[675/1210] בית הכנסת בושאייף (זיתן) → — unchanged
[676/1210] בית כנסת מגשימים (מגשימים) → — unchanged
[677/1210] מגדל דוד (מטע) → — unchanged
[678/1210] מרכז קהילתי ובית כנסת (אשחר) → — unchanged
[679/1210] בית הכנסת המרכזי האשכנזי (זנוח) → — unchanged
[680/1210] בית הכנסת התימני (זנוח) → — unchanged
[681/1210] שערי אורה (גדעונה) → — unchanged
[682/1210] בית המדרש ע"ש משפחת שטיינברג (טפחות) → — unchanged
[683/1210] תפארת ישראל (עמקה) → — unchanged
[684/1210] בית מדרש היכל שמואל (אביבים) → — unchanged
[685/1210] בית כנסת אהל ארי (רעננה) → — unchanged
[686/1210] הפועל המזרחי (רעננה) → — unchanged
[687/1210] אורח חיים (רעננה) → — unchanged
[688/1210] אחים (רעננה) → — unchanged
[689/1210] בית הכנסת היכל הקודש דחסידי ברסלב (יבנאל) → — unchanged
[690/1210] בית כנסת נבטים חדש (נבטים) → — unchanged
[691/1210] בית כנסת נבטים חדש (נבטים) → — unchanged
[692/1210] בית כנסת ישן נבטים (נבטים) → — unchanged
[693/1210] חזון יחזקאל (ירושלים) → — unchanged
[694/1210] חברותא (חוקוק) → — unchanged
[695/1210] אוהל שרה (הרצליה) → — unchanged
[696/1210] שמחת זבולון (מגדל) → — unchanged
[697/1210] בית כנסת שומרה (שומרה) → — unchanged
[698/1210] דרכי אמונה (רחובות) → — unchanged
[699/1210] בית הכנסת מגן שלמה (גילת) → — unchanged
[700/1210] בית הכנסת בית אבנר ויצחק (גילת) → — unchanged
  💾 Saved checkpoint at 700
[701/1210] בית מדרש (מעגלים) → — unchanged
[702/1210] היכל תקומה (תקומה) → — unchanged
[703/1210] בית כנסת - משיבת ציון (חדרה) → — unchanged
[704/1210] Bombshelter #36 (נשר) → — unchanged
[705/1210] בית מדרש - בית מרדכי (זנוח) → — unchanged
[706/1210] שערי תפילה (זנוח) → — unchanged
[707/1210] בית כנסת מרכזי צפריה (צפריה) → — unchanged
[708/1210] בית מדרש - ישיבה קטנה (יסודות) → — unchanged
[709/1210] גנים ובית כנסת (נחלים) → — unchanged
[710/1210] בית כנסת - מוסדות ביאלא (צפת) → — unchanged
[711/1210] בית כנסת תימני (רחובות) → — unchanged
[712/1210] בית כנסת - בית מדרש אהל משה (חדרה) → — unchanged
[713/1210] המוייסדע'ס (צפת) → — unchanged
[714/1210] מקווה גברים (צפת) → — unchanged
[715/1210] בית הכנסת אור שמעיה שלום (צפת) → — unchanged
[716/1210] בית הכנסת סדיגורה (צפת) → — unchanged
[717/1210] בית הכנסת חב"ד (צפת) → — unchanged
[718/1210] בית כנסת הספרדי המרכזי - בית כנסת יוצאי חברון (אחיסמך) → — unchanged
[719/1210] בית כנסת אוהל ראובן (עדות המזרח) (אחיסמך) → — unchanged
[720/1210] בית כנסת שערי תורה (עדות המזרח) (אחיסמך) → — unchanged
[721/1210] בית כנסת קול שדי (ירושלים) → — unchanged
[722/1210] בית כנסת שעל (שעל) → — unchanged
[723/1210] בית כנסת אוהל רחל (גבעתיים) → — unchanged
[724/1210] בית כנסת בצלאל (גבעתיים) → — unchanged
[725/1210] בית כנסת הזורעים (הזורעים) → — unchanged
[726/1210] אוהל אברהם (גונן) → — unchanged
[727/1210] אוהל השלושה (אליפלט) → — unchanged
[728/1210] גן המייסדים (בצת) → — unchanged
[729/1210] ישורון (עמקה) → — unchanged
[730/1210] מעלות התורה (ירושלים) → — unchanged
[731/1210] בית זבול - מנחת חמוך (ירושלים) → — unchanged
[732/1210] ברסלב - אוהל אסתר (ירושלים) → — unchanged
[733/1210] מגן אברהם (מלאה) → — unchanged
[734/1210] שער הרחמים (מגדים) → — unchanged
[735/1210] תפארת משה (מאור) → — unchanged
[736/1210] בית כנסת ברקת (ברקת) → — unchanged
[737/1210] בית כנסת (מולדת) → — unchanged
[738/1210] בית כנסת התאנה (נשר) → — unchanged
[739/1210] מקווה טהרה "הרב קוק" (חולון) → — unchanged
[740/1210] בית כנסת עץ חיים (תימנים) (אחיסמך) → — unchanged
[741/1210] בית כנסת - עץ החיים (חדרה) → — unchanged
[742/1210] בית כנסת - אליהו צרור (חדרה) → — unchanged
[743/1210] בית כנסת - בית ישראל (חדרה) → — unchanged
[744/1210] בית כנסת - רבי דוד בן ברוך הכהן (דחי) → — unchanged
[745/1210] בית המדרש הדרת מלך (אזור) → — unchanged
[746/1210] שערי תשובה (אזור) → — unchanged
[747/1210] אגודת ישראל (אזור) → — unchanged
[748/1210] ישיבת הכותל (ירושלים) → — unchanged
[749/1210] מוסדות אלקבץ (צפת) → — unchanged
[750/1210] גבעת נילי (ראשי) → — unchanged
  💾 Saved checkpoint at 750
[751/1210] מקווה אמונים (אמונים) → — unchanged
[752/1210] מקווה גבעתי (גבעתי) → — unchanged
[753/1210] מקווה חצב (חצב) → — unchanged
[754/1210] מקווה ינון (ינון) → — unchanged
[755/1210] מקווה עזר (עזר) → — unchanged
[756/1210] מקווה עזריקם (עזריקם) → — unchanged
[757/1210] מקווה שתולים (שתולים) → — unchanged
[758/1210] מקווה נאות לון (הגאונים) → — unchanged
[759/1210] טוהר אסתר (ברוש) → — unchanged
[760/1210] כרמים (כרמים) → — unchanged
[761/1210] נבטים (נבטים) → — unchanged
[762/1210] עוז והדר מושב תדהר (תדהר) → — unchanged
[763/1210] שומריה (שומריה) → — unchanged
[764/1210] תאשור (תאשור) → — unchanged
[765/1210] אבנת (אבנת) → — unchanged
[766/1210] חמדת (חמדת) → — unchanged
[767/1210] ספיר (ספיר) → — unchanged
[768/1210] ארגמן (ארגמן) → — unchanged
[769/1210] הכד (הכד) → — unchanged
[770/1210] הדס (ההדס) → — unchanged
[771/1210] אדירים (אדירים) → — unchanged
[772/1210] גדיש (גדיש) → — unchanged
[773/1210] גדעונה (גדעונה) → — unchanged
[774/1210] מיטב (מיטב) → — unchanged
[775/1210] מלאה (מלאה) → — unchanged
[776/1210] פרזון (פרזון) → — unchanged
[777/1210] מקווה אביטל (אביטל) → — unchanged
[778/1210] אשכולות (אשכולות) → — unchanged
[779/1210] בית חגי (חגי) → — unchanged
[780/1210] טנא עומרים (טנא) → — unchanged
[781/1210] כרמל (כרמל) → — unchanged
[782/1210] מעון (מעון) → — unchanged
[783/1210] סנסנה (סנסנה) → — unchanged
[784/1210] שמעה (שמעה) → — unchanged
[785/1210] שני- ליבנה (שני) → — unchanged
[786/1210] אחיסמך (אחיסמך) → — unchanged
[787/1210] גמזו (גמזו) → — unchanged
[788/1210] חדיד (חדיד) → — unchanged
[789/1210] רינתיה (רינתיה) → — unchanged
[790/1210] בית נחמיה (חרצית) → — unchanged
[791/1210] נחלים (נחילם) → — unchanged
[792/1210] מקווה עופר (עופר) → — unchanged
[793/1210] חרוצים (ההדס) → — unchanged
[794/1210] נחלה (נחלה) → — unchanged
[795/1210] גאולים (אין) → — unchanged
[796/1210] ינוב (אין) → — unchanged
[797/1210] כפר יעבץ (אין) → — unchanged
[798/1210] ניצני עוז (השלושה) → — unchanged
[799/1210] עזריאל (הכרם) → — unchanged
[800/1210] עין שריד (פשוש) → — unchanged
  💾 Saved checkpoint at 800
[801/1210] פורת (אין) → — unchanged
[802/1210] שער אפרים (התאנה) → — unchanged
[803/1210] תנובות (ציון) → — unchanged
[804/1210] אמנון (אין) → — unchanged
[805/1210] מרגליות (אין) → — unchanged
[806/1210] רמות נפתלי (אין) → — unchanged
[807/1210] שדגה אליעזר (אין) → — unchanged
[808/1210] מקווה הבוסתנים שכונת הקסטל (הבוסתנים) → — unchanged
[809/1210] אליקים (אליקים) → — unchanged
[810/1210] אשרת (אשרת) → — unchanged
[811/1210] עמקא (עמקה) → — unchanged
[812/1210] דולב (דולב) → — unchanged
[813/1210] מגרון (מגרון) → — unchanged
[814/1210] עלי אגוז מרכז (האגוז) → — unchanged
[815/1210] אביעזר (אביעזר) → — unchanged
[816/1210] אדרת (אדרת) → — unchanged
[817/1210] בקוע (בקוע) → — unchanged
[818/1210] בית מאיר (הרימון) → — unchanged
[819/1210] שריגים (שריגים) → — unchanged
[820/1210] מקווה מושב אשבול (אשבול) → — unchanged
[821/1210] מושב אשבול (אשבול) → — unchanged
[822/1210] מושב בטחה (בטחה) → — unchanged
[823/1210] מושב גילת (גילת) → — unchanged
[824/1210] מושב מסלול (מסלול) → — unchanged
[825/1210] מושב פדויים (פדויים) → — unchanged
[826/1210] מושב פטיש (פטיש) → — unchanged
[827/1210] מושב קלחים (קלחים) → — unchanged
[828/1210] מושב תפרח (תפרח) → — unchanged
[829/1210] מקווה מושב בטחה (בטחה) → — unchanged
[830/1210] מקווה מושב מבועים (מבועים) → — unchanged
[831/1210] מקווה מושב מסלול (מסלול) → — unchanged
[832/1210] מקווה מושב פדויים (פדויים) → — unchanged
[833/1210] מקווה מושב פטיש (פטיש) → — unchanged
[834/1210] בית חלקיה (הזית) → — unchanged
[835/1210] בני ראם (המרווה) → — unchanged
[836/1210] גני טל (הרותם) → — unchanged
[837/1210] יד בנימין (התאנה) → — unchanged
[838/1210] יסודות (צפניה) → — unchanged
[839/1210] נצר חזני (אלמוגים) → — unchanged
[840/1210] ירדנה (ירדנה) → — unchanged
[841/1210] מירב (מירב) → — unchanged
[842/1210] רוויה (רוויה) → — unchanged
[843/1210] רחוב (רחוב) → — unchanged
[844/1210] שלוחות (שלוחות) → — unchanged
[845/1210] אחיטוב (אחיטוב) → — unchanged
[846/1210] בורגתה עטרת דוד (בורגתה) → — unchanged
[847/1210] אלישיב באר מרים (הגבעה) → — unchanged
[848/1210] עולש (מורג) → — unchanged
[849/1210] חד נס (חד-נס) → — unchanged
[850/1210] חיספין (חספין) → — unchanged
  💾 Saved checkpoint at 850
[851/1210] יונתן (יונתן) → — unchanged
[852/1210] נוב (נוב) → — unchanged
[853/1210] נטור (נטור) → — unchanged
[854/1210] קשת (קשת) → — unchanged
[855/1210] אוהל שרה (מלילות) → — unchanged
[856/1210] באר רבקה (שיבולים) → — unchanged
[857/1210] גבעולים (גבעולים) → — unchanged
[858/1210] זמרת (זמרת) → — unchanged
[859/1210] זרועה (זרועה) → — unchanged
[860/1210] טהרת רחל (מעגלים) → — unchanged
[861/1210] יושיביה (יושיביה) → — unchanged
[862/1210] מלילות (מלילות) → — unchanged
[863/1210] משמיע ישועה (זרועה) → — unchanged
[864/1210] סעד (סעד) → — unchanged
[865/1210] עלומים (עלומים) → — unchanged
[866/1210] שובה (שובה) → — unchanged
[867/1210] שוקדה (שוקדה) → — unchanged
[868/1210] שרשרת (שרשרת) → — unchanged
[869/1210] תקומה (תקומה) → — unchanged
[870/1210] איתמר (איתמר) → — unchanged
[871/1210] ברקן (ברקן) → — unchanged
[872/1210] נופים (נופים) → — unchanged
[873/1210] שקד (שקד) → — unchanged
[874/1210] שערי צדק (האורים) → — unchanged
[875/1210] אוהל אברהם (האורים) → — unchanged
[876/1210] קהילת יעקב -עוזרי (חננאל) → — unchanged
[877/1210] נווה צדק (שמאי) → — unchanged
[878/1210] ברית שלום (כסלו) → — unchanged
[879/1210] מאורות שמעון (פקיעין) → — unchanged
[880/1210] משכן אביחי (לכיש) → — unchanged
[881/1210] עמרם שלום (הנביאים) → — unchanged
[882/1210] אוהל יוסף (הנביאים) → — unchanged
[883/1210] מצמיח ישועה (בוקרא) → — unchanged
[884/1210] לומדי תורה-ברדא (בוקרא) → — unchanged
[885/1210] ארם נהריים (מיכה) → — unchanged
[886/1210] סיאני (חגי) → — unchanged
[887/1210] עזרת אחים (חגי) → — unchanged
[888/1210] תפארת ציון (חגי) → — unchanged
[889/1210] אלי כהן (אפרים) → — unchanged
[890/1210] סוכת לויתן (אפרים) → — unchanged
[891/1210] פועלי צדק (אפרים) → — unchanged
[892/1210] נחלי מים (יהודית) → — unchanged
[893/1210] רשבי (השבטים) → — unchanged
[894/1210] הרמב"ם (גדעון) → — unchanged
[895/1210] נר ליאיר הכהן (המרד) → — unchanged
[896/1210] נפשנו חכתה לה' (דפנה) → — unchanged
[897/1210] אוריאל (דפנה) → — unchanged
[898/1210] השער לדוד (הסוחר) → — unchanged
[899/1210] שערי צדק (הסוחר) → — unchanged
[900/1210] אוהל יוסף (חמד) → — unchanged
  💾 Saved checkpoint at 900
[901/1210] חמדת ישראל (שפינוזה) → — unchanged
[902/1210] יעקב ודוד (דיבולט) → — unchanged
[903/1210] שארית הפליטה (הארי) → — unchanged
[904/1210] אהבת התורה ע. סופר (הארי) → — unchanged
[905/1210] מגן דוד לעולי הודו (בעש"ט) → — unchanged
[906/1210] אגודת בית דוד (טרייורס) → — unchanged
[907/1210] בית הלוי (טרייורס) → — unchanged
[908/1210] עולי אלג'יר (טשרנחובסקי) → — unchanged
[909/1210] בני ציון (קורצ'אק) → — unchanged
[910/1210] אור ישראל (קורצ'אק) → — unchanged
[911/1210] ספר תיסלית (תיסלית) → — unchanged
[912/1210] משכן חיים (בוטראשוילי) → — unchanged
[913/1210] לעולי אתיופייה (עמיעוז) → — unchanged
[914/1210] הרשב"י (שפירא) → — unchanged
[915/1210] מרכז רוחני תורה ותפילה (שפירא) → — unchanged
[916/1210] ברית אברהם אהבת ציון (משה) → — unchanged
[917/1210] בית דוד (ההסתדרות) → — unchanged
[918/1210] נועם יצחק (הקיקיון) → — unchanged
[919/1210] תפארת ישראל (יוהנסבורג) → — unchanged
[920/1210] תפארת יוחאי (קרייתי) → — unchanged
[921/1210] משכן ברנע (עתניאל) → — unchanged
[922/1210] פורת יוסף (איילון) → — unchanged
[923/1210] תורת משה (ברנשטיין) → — unchanged
[924/1210] שובה ישראל (בלפור) → — unchanged
[925/1210] משכן חיה (הציונות) → — unchanged
[926/1210] תפארת ראובן (הציונות) → — unchanged
[927/1210] גאולת ישראל (תירוש) → — unchanged
[928/1210] אגודת אחים (אשקלון) → — unchanged
[929/1210] אהל ברוך (אשקלון) → — unchanged
[930/1210] אהלי משה צלאת אל חורי (אשקלון) → — unchanged
[931/1210] אוהל יוסף (אשקלון) → — unchanged
[932/1210] אמא שואבה (אשקלון) → — unchanged
[933/1210] אמנואל (אשקלון) → — unchanged
[934/1210] בית דוד ע'ש צדיק (אשקלון) → — unchanged
[935/1210] בית הלוי (אשקלון) → — unchanged
[936/1210] בית הלוי (אשקלון) → — unchanged
[937/1210] בית ישראל (אשקלון) → — unchanged
[938/1210] בית פנחס (אשקלון) → — unchanged
[939/1210] ברית שלום (אשקלון) → — unchanged
[940/1210] בת אל (אשקלון) → — unchanged
[941/1210] דוד המלך (אשקלון) → — unchanged
[942/1210] הספרדי (אשקלון) → — unchanged
[943/1210] חבד (אשקלון) → — unchanged
[944/1210] חבד (אשקלון) → — unchanged
[945/1210] חבד (אשקלון) → — unchanged
[946/1210] ישורון (אשקלון) → — unchanged
[947/1210] ישיבת אשקלון (אשקלון) → — unchanged
[948/1210] ישני חברון (אשקלון) → — unchanged
[949/1210] הרב שלום שבזי (אשקלון) → — unchanged
[950/1210] מרכז רוחני דגל מחנה ראובן (אשקלון) → — unchanged
  💾 Saved checkpoint at 950
[951/1210] משכן יעקוב (אשקלון) → — unchanged
[952/1210] נצח ישראל (אשקלון) → — unchanged
[953/1210] נתיב שמואל (אשקלון) → — unchanged
[954/1210] עוזר יוסף (אשקלון) → — unchanged
[955/1210] עטרת ראובן (אשקלון) → — unchanged
[956/1210] פולני (אשקלון) → — unchanged
[957/1210] קורבנות השואה (אשקלון) → — unchanged
[958/1210] רבי מאיר בעל הנס (אשקלון) → — unchanged
[959/1210] שבנו ציון (אשקלון) → — unchanged
[960/1210] תפארת יוסף (אשקלון) → — unchanged
[961/1210] תפילה למשה (אשקלון) → — unchanged
[962/1210] בית אבות הלפרין (אשקלון) → — unchanged
[963/1210] אור הזוהר (אשקלון) → — unchanged
[964/1210] אמרי בנימין (אשקלון) → — unchanged
[965/1210] נשמת העליה (אשקלון) → — unchanged
[966/1210] מיכאל הקטן (אשקלון) → — unchanged
[967/1210] שערי תימן (אשקלון) → — unchanged
[968/1210] קרן בנימין (אשקלון) → — unchanged
[969/1210] שובה ישראל (אשקלון) → — unchanged
[970/1210] עטרת ראובן גמליאל (אשקלון) → — unchanged
[971/1210] בית אליהו (אשקלון) → — unchanged
[972/1210] רבי חי טייב (אשקלון) → — unchanged
[973/1210] שערי ישועה (אשקלון) → — unchanged
[974/1210] אביר יעקב (אשקלון) → — unchanged
[975/1210] תפילת ראובן (אשקלון) → — unchanged
[976/1210] עץ החיים (אשקלון) → — unchanged
[977/1210] אמת לדוד (אשקלון) → — unchanged
[978/1210] אוהל יצחק ומשה (אשקלון) → — unchanged
[979/1210] שערי נצחון (אשקלון) → — unchanged
[980/1210] אוהל יעקב ויצחק (אשקלון) → — unchanged
[981/1210] מקדש מלך (אשקלון) → — unchanged
[982/1210] תפארת ישראל (אשקלון) → — unchanged
[983/1210] בני עקיבה (אשקלון) → — unchanged
[984/1210] רשבי (אשקלון) → — unchanged
[985/1210] נווה שלום (אשקלון) → — unchanged
[986/1210] מגן דוד (אשקלון) → — unchanged
[987/1210] אבן ספיר (אשקלון) → — unchanged
[988/1210] טולדנו (אשקלון) → — unchanged
[989/1210] בני ציון עולי אירן (אשקלון) → — unchanged
[990/1210] תפילת חנה (אשקלון) → ✓ לוטוס, אשקלון
[991/1210] בית חנניה (אשקלון) → ✓ HaSeora, אשקלון
[992/1210] אגודת חב"ד (אשקלון) → ✓ מעלה הגת 40, אשקלון
[993/1210] חבד ברנע (אשקלון) → ✓ אדמונד דה רוטשילד 8, אשקלון
[994/1210] בית יעקב לעולי טורקיה (אשקלון) → ✓ עמנואל, אשקלון
[995/1210] נר ישראל אשקלון (אשקלון) → ✓ אלי כהן 37, אשקלון
[996/1210] תרומה מהכלל (אשקלון) → ✓ כיכר המייסדים, אשקלון
[997/1210] עטרת ציון (אשקלון) → — unchanged
[998/1210] מקלט_בית מדרש ובית כנסת (אשקלון) → — unchanged
[999/1210] באר חיים (אשקלון) → — unchanged
[1000/1210] בית כנסת (אשקלון) → — unchanged
  💾 Saved checkpoint at 1000
[1001/1210] בית אחיעזר (אשקלון) → — unchanged
[1002/1210] תפארת באבאי (אשקלון) → — unchanged
[1003/1210] אהבת תורה (אשקלון) → — unchanged
[1004/1210] עזרא הסופר (אשקלון) → — unchanged
[1005/1210] ר' יצחק בן ואליד (אשקלון) → — unchanged
[1006/1210] ר' מאיר בעל הנס (אשקלון) → — unchanged
[1007/1210] צדיקי ספי (אשקלון) → — unchanged
[1008/1210] בית אברהם (אשקלון) → — unchanged
[1009/1210] בית אל (אשקלון) → — unchanged
[1010/1210] בי''כ בית אל (ירושלים) → — unchanged
[1011/1210] בי''כ בית יעקב (ירושלים) → — unchanged
[1012/1210] בי''כ היכל יוסף (ירושלים) → — unchanged
[1013/1210] בי''כ נחום (ירושלים) → — unchanged
[1014/1210] בי''כ ישועת ישראל (ירושלים) → — unchanged
[1015/1210] בי''כ משכן ישראל (ירושלים) → — unchanged
[1016/1210] בי''כ נצח אברהם (ירושלים) → — unchanged
[1017/1210] בי''כ חיי אדם (ירושלים) → — unchanged
[1018/1210] בי''כ מקדש יעקב (ירושלים) → — unchanged
[1019/1210] בי''כ נהר המטהר (ירושלים) → — unchanged
[1020/1210] בי''כ הרמב''ם (ירושלים) → — unchanged
[1021/1210] בי''כ לעדה האתיופית (ירושלים) → — unchanged
[1022/1210] בי''כ היכל יעקב (ירושלים) → — unchanged
[1023/1210] בי''כ רמה (ירושלים) → — unchanged
[1024/1210] בי''כ הגר''א (ירושלים) → — unchanged
[1025/1210] בי''כ בית שלמה (ירושלים) → — unchanged
[1026/1210] בי''כ עזרא דבאח (ירושלים) → — unchanged
[1027/1210] בי''כ סתהון (ירושלים) → — unchanged
[1028/1210] בי''כ יד לשלום (ירושלים) → — unchanged
[1029/1210] בי''כ זכרון יחיאל (ירושלים) → — unchanged
[1030/1210] בי''כ שערי ניסים (ירושלים) → — unchanged
[1031/1210] בי''כ שאגת אריה (ירושלים) → — unchanged
[1032/1210] בי''כ תפארת יוסף (ירושלים) → — unchanged
[1033/1210] בי''כ רחמים ודבורה (ירושלים) → — unchanged
[1034/1210] בי''כ בני הרמה (ירושלים) → — unchanged
[1035/1210] בי''כ בית אהרון (ירושלים) → — unchanged
[1036/1210] בי''כ קהילת חורש רמות (ירושלים) → — unchanged
[1037/1210] בי''כ תפארת רמות (ירושלים) → — unchanged
[1038/1210] בי''כ ענתבי (ירושלים) → — unchanged
[1039/1210] בי''כ בית עזריאל (ירושלים) → — unchanged
[1040/1210] בי''כ עם ר''ם (ירושלים) → — unchanged
[1041/1210] בי''כ ריטמן (ירושלים) → — unchanged
[1042/1210] בי''כ פניני דוד (ירושלים) → — unchanged
[1043/1210] בי''כ מדרש שאול (ירושלים) → — unchanged
[1044/1210] בי''כ קהילת בני שמואל (ירושלים) → — unchanged
[1045/1210] בי''כ בית שמואל (ירושלים) → — unchanged
[1046/1210] בי''כ חב''ד גל עד (ירושלים) → — unchanged
[1047/1210] בי''כ אבן העזר (ירושלים) → — unchanged
[1048/1210] בי''כ הרב דוד בן שמעון (ירושלים) → — unchanged
[1049/1210] בי''כ שטיבלך (ירושלים) → — unchanged
[1050/1210] בי''כ בית יצחק (ירושלים) → — unchanged
  💾 Saved checkpoint at 1050
[1051/1210] בי''כ נועם פת (ירושלים) → — unchanged
[1052/1210] בי''כ זכור לאברהם (ירושלים) → — unchanged
[1053/1210] בי''כ הגדול תפארת ישראל (ירושלים) → — unchanged
[1054/1210] בי''כ שומרי החומות (ירושלים) → — unchanged
[1055/1210] בי''כ עת לחנניה (ירושלים) → — unchanged
[1056/1210] בי''כ ניסן ב''ק הרוס (ירושלים) → — unchanged
[1057/1210] בי''כ חב''ד (ירושלים) → — unchanged
[1058/1210] בי''כ הקראים (ירושלים) → — unchanged
[1059/1210] בי''כ גולדשטיין (ירושלים) → — unchanged
[1060/1210] בי''כ בית אל מקובלים (ירושלים) → — unchanged
[1061/1210] בי''כ תקוותנו (ירושלים) → — unchanged
[1062/1210] בי''כ מנחם ציון (ירושלים) → — unchanged
[1063/1210] בי''כ חסידי ברסלב (ירושלים) → — unchanged
[1064/1210] בי''כ חורבת הרב יהודה החסיד (ירושלים) → — unchanged
[1065/1210] בי''כ אור החיים (ירושלים) → — unchanged
[1066/1210] בי''כ כתר תורה (ירושלים) → — unchanged
[1067/1210] בי''כ אדמונד ספרא (ירושלים) → — unchanged
[1068/1210] אברהם אבינו \גרוזינים (נהריה) → — unchanged
[1069/1210] בית כנסת קיפודן (קיפודן) → — unchanged
[1070/1210] בית כנסת אלעד (מודיעין-מכבים-רעות) → — unchanged
[1071/1210] בית הכנסת הספרדי ברית שלום (העליה) → — unchanged
[1072/1210] בית הכנסת המרכזי אור הצפון (החצב) → — unchanged
[1073/1210] בית הכנסת נווה שלום (החצב) → — unchanged
[1074/1210] בית הכנסת "משכן משה" ליהדות גאורגיה (החצב) → — unchanged
[1075/1210] בית כנסת (יעל) → — unchanged
[1076/1210] בית "אורות עילית".  מדרשת "שירת דבורה" (השקמה) → — unchanged
[1077/1210] בית הכנסת "תפארת ישראל" - מתוכננים ברחוב 6 בניינים חדשים - לכן קיבל את המספר 14 (חרוב) → — unchanged
[1078/1210] בית הכנסת לעדה האתיופית "תורת משה" (השושנים) → — unchanged
[1079/1210] בית כנסת האור הגדול (השושנים) → — unchanged
[1080/1210] בית כנסת - ניתנה כתובת חדשה (כלניות) → — unchanged
[1081/1210] בית חב"ד מליבו וגם מקלט (ורדים) → — unchanged
[1082/1210] בית כנסת - אחדות ישראל (צבעוני) → — unchanged
[1083/1210] בית כנסת "יונה הנביא" / מקלט (ניצן) → — unchanged
[1084/1210] בית כנסת בית-אל הר-יונה (סייפן) → — unchanged
[1085/1210] מקווה ראובן () → — unchanged
[1086/1210] מקווה גבעת שרת () → — unchanged
[1087/1210] מקווה טהרה () → — unchanged
[1088/1210] מקווה נשים () → — unchanged
[1089/1210] מקווה אלונים () → — unchanged
[1090/1210] מקווה עירוני () → — unchanged
[1091/1210] מקווה () → — unchanged
[1092/1210] מקוה טהרה נשים טהרת ציון () → — unchanged
[1093/1210] מקווה האר"י () → — unchanged
[1094/1210] מקווה - מי מנחם () → — unchanged
[1095/1210] בית כנסת ומקווה גברים () → — unchanged
[1096/1210] מקווה טהרה צור הדסה (שלדג) → — unchanged
[1097/1210] מקווה נשים () → — unchanged
[1098/1210] מקווה טריסק () → — unchanged
[1099/1210] מקווה טדגי () → — unchanged
[1100/1210] מקווה נשים () → — unchanged
  💾 Saved checkpoint at 1100
[1101/1210] מקווה גברים (חבקוק) → — unchanged
[1102/1210] מקווה נשים רמת פנקס () → — unchanged
[1103/1210] מקווה גברים () → — unchanged
[1104/1210] שערי אורה ותפילה (החי"ם) → — unchanged
[1105/1210] בית חב"ד (התמר) → — unchanged
[1106/1210] אור שלום מרדכי (הרצל) → — unchanged
[1107/1210] בית הכנסת "תפארת יעקב" (התמר) → — unchanged
[1108/1210] ‎בית הכנסת "זכור אברהם" (הלל) → — unchanged
[1109/1210] ‎בית הכנסת "אהבת אחים" (הלל) → — unchanged
[1110/1210] בית הכנסת "בית יעקב"(עולי בבל) ‎ (הלל) → — unchanged
[1111/1210] בית הכנסת "נצח אליהו" (הלל) → — unchanged
[1112/1210] ‎בית הכנסת "ישמח ישראל" (הלל) → — unchanged
[1113/1210] בית הכנסת "שיח יצחק" (הגיבורים) → — unchanged
[1114/1210] בית כנסת (לוד) → — unchanged
[1115/1210] בית כנסת (לוד) → — unchanged
[1116/1210] בית כנסת בית אוהלי מנחם (לוד) → — unchanged
[1117/1210] בית כנסת אוהל יוסף יצחק (לוד) → — unchanged
[1118/1210] בית הכנסת הספרדי אוהל י (לוד) → — unchanged
[1119/1210] בית כנסת מצמיח ישועה (לוד) → — unchanged
[1120/1210] בית יהדות גרוזיה חבד (לוד) → — unchanged
[1121/1210] בית כנסת (לוד) → — unchanged
[1122/1210] בית כנסת (לוד) → — unchanged
[1123/1210] בית כנסת משכנות ישראל (לוד) → — unchanged
[1124/1210] בית כנסת אוהל אברהם (לוד) → — unchanged
[1125/1210] בית כנסת אוהל אברהם (לוד) → — unchanged
[1126/1210] בית כנסת אוהב ורודף שלו (לוד) → — unchanged
[1127/1210] בית כנסת תפארת ציון (לוד) → — unchanged
[1128/1210] בית כנסת ע"ש שי בלקר (לוד) → — unchanged
[1129/1210] בית כנסת אלי כהן (לוד) → — unchanged
[1130/1210] בית כנסת עולי עדן (לוד) → — unchanged
[1131/1210] בית כנסת (לוד) → — unchanged
[1132/1210] בית כנסת (לוד) → — unchanged
[1133/1210] בית כנסת (לוד) → — unchanged
[1134/1210] בית כנסת קול מרדכי (לוד) → — unchanged
[1135/1210] בית כנסת אהבת חינם (לוד) → — unchanged
[1136/1210] בית כנסת (לוד) → — unchanged
[1137/1210] בית כנסת הרמ"א (לוד) → — unchanged
[1138/1210] בית כנסת (לוד) → — unchanged
[1139/1210] בית כנסת חזון עובדיה (לוד) → — unchanged
[1140/1210] בית כנסת על שם רבי יעקב ס (לוד) → — unchanged
[1141/1210] בית כנסת אדרת אליהו הנבי (לוד) → — unchanged
[1142/1210] בית כנסת אוהל יעקב (לוד) → — unchanged
[1143/1210] בית כנסת (לוד) → — unchanged
[1144/1210] בית כנסת ע"ש אבוחצירה (לוד) → — unchanged
[1145/1210] בית כנסת (לוד) → — unchanged
[1146/1210] בית כנסת הצעירים (לוד) → — unchanged
[1147/1210] בית כנסת (לוד) → — unchanged
[1148/1210] בית מדרש אשכול הכופר (לוד) → — unchanged
[1149/1210] בית כנסת שערי שלום (לוד) → — unchanged
[1150/1210] בית כנסת (לוד) → — unchanged
  💾 Saved checkpoint at 1150
[1151/1210] בית כנסת (לוד) → — unchanged
[1152/1210] בית כנסת אביר יעקב (לוד) → — unchanged
[1153/1210] בית כנסת דוסא (לוד) → — unchanged
[1154/1210] בית כנסת (לוד) → — unchanged
[1155/1210] בית כנסת אור אבנר (לוד) → — unchanged
[1156/1210] בית כנסת-היכל יהונתן חב" (לוד) → — unchanged
[1157/1210] אור יחזקאל (רשב"י) → — unchanged
[1158/1210] ביאלא (רשב"י) → — unchanged
[1159/1210] ברסלב (רשב"י) → — unchanged
[1160/1210] חזון אי"ש- היכל מרדכי (רשב"י) → — unchanged
[1161/1210] חניכי הישיבות - רשב"י (רשב"י) → — unchanged
[1162/1210] ירוסלב (רשב"י) → — unchanged
[1163/1210] ישועת דוד - דרכי איש (רשב"י) → — unchanged
[1164/1210] מודז'יץ (רשב"י) → — unchanged
[1165/1210] היכל שמואל אהרן - צאנז (רשב"י) → — unchanged
[1166/1210] היכל הגרי"מ (הריטב"א) → — unchanged
[1167/1210] המרכזי נאות הפסגה (הריטב"א) → — unchanged
[1168/1210] אהל אסתר (הריטב"א) → — unchanged
[1169/1210] קהל חסידים (הריטב"א) → — unchanged
[1170/1210] המרכזי נאות עילית (מהרי"ל) → — unchanged
[1171/1210] איילת השחר (הריטב"א) → — unchanged
[1172/1210] בית המדרש "בית יוסף ספרא" (מהרי"ל) → — unchanged
[1173/1210] קהילת הרמב"ם (רמב"ם) → — unchanged
[1174/1210] בית הכנסת "המרכזי" גן הדסים (רשב"ם) → — unchanged
[1175/1210] קהילת רשב"א (רשב"א) → — unchanged
[1176/1210] גבעת מרדכי (ירושלים) → — unchanged
[1177/1210] מקווה (לוד) → — unchanged
[1178/1210] מקוווה חב"ד נשים (לוד) → — unchanged
[1179/1210] חב"ד ד (ירושלים) → — unchanged
[1180/1210] חב"ד ב (ירושלים) → — unchanged
[1181/1210] בית חב"ד (רחובות) → — unchanged
[1182/1210] בית חב"ד ספיר (ספיר) → — unchanged
[1183/1210] בית חב"ד אשלים (אשלים) → — unchanged
[1184/1210] בית חב"ד טנא עומרים (טנא) → — unchanged
[1185/1210] בית חב"ד חיספין (חיספין) → — unchanged
[1186/1210] בית חב"ד אילניה (אילניה) → — unchanged
[1187/1210] קבר האימהות (טבריה) → — unchanged
[1188/1210] קבר חוצפית המתורגמן (ביריה) → — unchanged
[1189/1210] קבר רבי יהודה בר עילאי (ביריה) → — unchanged
[1190/1210] קבר דן בן יעקב (אשתאול) → — unchanged
[1191/1210] קבר שמעיה ואבטליון (ג'ש) → — unchanged
[1192/1210] מערת הסנהדרין הקטנה (ירושלים) → — unchanged
[1193/1210] קבר שמעון הצדיק (ירושלים) → — unchanged
[1194/1210] קבר נחום איש גמזו (צפת) → — unchanged
[1195/1210] קבר בנימין הצדיק (צפת) → — unchanged
[1196/1210] קבר יונתן בן עוזיאל (עמוקה) → — unchanged
[1197/1210] קבר רבי מאיר בעל הנס (טבריה) → — unchanged
[1198/1210] קבר אלישע (חיפה) → — unchanged
[1199/1210] קבר בני חזיר (ירושלים) → — unchanged
[1200/1210] קבר זכריה (ירושלים) → — unchanged
  💾 Saved checkpoint at 1200
[1201/1210] קבר הבאבא סאלי (נתיבות) → — unchanged
[1202/1210] קבר שמואל הנביא (ירושלים) → — unchanged
[1203/1210] קבר עמוס (תקוע) → — unchanged
[1204/1210] קבר הרמב"ם (טבריה) → — unchanged
[1205/1210] מערת המכפלה (חברון) → — unchanged
[1206/1210] קבר יוסף (שכם) → — unchanged
[1207/1210] קבר רבי עקיבא (טבריה) → — unchanged
[1208/1210] קבר האר"י הקדוש (צפת) → — unchanged
[1209/1210] קבר שמשון הגיבור (צרעה) → — unchanged
[1210/1210] קבר השל"ה הקדוש (טבריה) → — unchanged

✅ Done. Updated: 32, Failed: 0
1210] קבר זכריה (ירושלים) → — unchanged
  💾 Saved checkpoint at 1200
[1201/1210] קבר הבאבא סאלי (נתיבות) → — unchanged
[1202/1210] קבר שמואל הנביא (ירושלים) → — unchanged
[1203/1210] קבר עמוס (תקוע) → — unchanged
[1204/1210] קבר הרמב"ם (טבריה) → — unchanged
[1205/1210] מערת המכפלה (חברון) → — unchanged
[1206/1210] קבר יוסף (שכם) → — unchanged
[1207/1210] קבר רבי עקיבא (טבריה) → — unchanged
[1208/1210] קבר האר"י הקדוש (צפת) → — unchanged
[1209/1210] קבר שמשון הגיבור (צרעה) → — unchanged
[1210/1210] קבר השל"ה הקדוש (טבריה) → — unchanged

✅ Done. Updated: 68, Failed: 0
